Archive member included to satisfy reference by file (symbol)

/home/kaylee/.arduino15/packages/STMicroelectronics/tools/xpack-arm-none-eabi-gcc/13.2.1-1.1/bin/../lib/gcc/arm-none-eabi/13.2.1/../../../../arm-none-eabi/lib/thumb/v6-m/nofp/libc_nano.a(libc_a-atexit.o)
                              /home/kaylee/.arduino15/packages/STMicroelectronics/tools/xpack-arm-none-eabi-gcc/13.2.1-1.1/bin/../lib/gcc/arm-none-eabi/13.2.1/../../../../arm-none-eabi/lib/thumb/v6-m/nofp/crt0.o (atexit)
/home/kaylee/.arduino15/packages/STMicroelectronics/tools/xpack-arm-none-eabi-gcc/13.2.1-1.1/bin/../lib/gcc/arm-none-eabi/13.2.1/../../../../arm-none-eabi/lib/thumb/v6-m/nofp/libc_nano.a(libc_a-exit.o)
                              /home/kaylee/.arduino15/packages/STMicroelectronics/tools/xpack-arm-none-eabi-gcc/13.2.1-1.1/bin/../lib/gcc/arm-none-eabi/13.2.1/../../../../arm-none-eabi/lib/thumb/v6-m/nofp/crt0.o (exit)
/home/kaylee/.arduino15/packages/STMicroelectronics/tools/xpack-arm-none-eabi-gcc/13.2.1-1.1/bin/../lib/gcc/arm-none-eabi/13.2.1/../../../../arm-none-eabi/lib/thumb/v6-m/nofp/libc_nano.a(libc_a-findfp.o)
                              /home/kaylee/.arduino15/packages/STMicroelectronics/tools/xpack-arm-none-eabi-gcc/13.2.1-1.1/bin/../lib/gcc/arm-none-eabi/13.2.1/../../../../arm-none-eabi/lib/thumb/v6-m/nofp/libc_nano.a(libc_a-exit.o) (__stdio_exit_handler)
/home/kaylee/.arduino15/packages/STMicroelectronics/tools/xpack-arm-none-eabi-gcc/13.2.1-1.1/bin/../lib/gcc/arm-none-eabi/13.2.1/../../../../arm-none-eabi/lib/thumb/v6-m/nofp/libc_nano.a(libc_a-fwalk.o)
                              /home/kaylee/.arduino15/packages/STMicroelectronics/tools/xpack-arm-none-eabi-gcc/13.2.1-1.1/bin/../lib/gcc/arm-none-eabi/13.2.1/../../../../arm-none-eabi/lib/thumb/v6-m/nofp/libc_nano.a(libc_a-findfp.o) (_fwalk_sglue)
/home/kaylee/.arduino15/packages/STMicroelectronics/tools/xpack-arm-none-eabi-gcc/13.2.1-1.1/bin/../lib/gcc/arm-none-eabi/13.2.1/../../../../arm-none-eabi/lib/thumb/v6-m/nofp/libc_nano.a(libc_a-printf.o)
                              build/main.o (printf)
/home/kaylee/.arduino15/packages/STMicroelectronics/tools/xpack-arm-none-eabi-gcc/13.2.1-1.1/bin/../lib/gcc/arm-none-eabi/13.2.1/../../../../arm-none-eabi/lib/thumb/v6-m/nofp/libc_nano.a(libc_a-puts.o)
                              build/main.o (puts)
/home/kaylee/.arduino15/packages/STMicroelectronics/tools/xpack-arm-none-eabi-gcc/13.2.1-1.1/bin/../lib/gcc/arm-none-eabi/13.2.1/../../../../arm-none-eabi/lib/thumb/v6-m/nofp/libc_nano.a(libc_a-stdio.o)
                              /home/kaylee/.arduino15/packages/STMicroelectronics/tools/xpack-arm-none-eabi-gcc/13.2.1-1.1/bin/../lib/gcc/arm-none-eabi/13.2.1/../../../../arm-none-eabi/lib/thumb/v6-m/nofp/libc_nano.a(libc_a-findfp.o) (__sread)
/home/kaylee/.arduino15/packages/STMicroelectronics/tools/xpack-arm-none-eabi-gcc/13.2.1-1.1/bin/../lib/gcc/arm-none-eabi/13.2.1/../../../../arm-none-eabi/lib/thumb/v6-m/nofp/libc_nano.a(libc_a-wbuf.o)
                              /home/kaylee/.arduino15/packages/STMicroelectronics/tools/xpack-arm-none-eabi-gcc/13.2.1-1.1/bin/../lib/gcc/arm-none-eabi/13.2.1/../../../../arm-none-eabi/lib/thumb/v6-m/nofp/libc_nano.a(libc_a-puts.o) (__swbuf_r)
/home/kaylee/.arduino15/packages/STMicroelectronics/tools/xpack-arm-none-eabi-gcc/13.2.1-1.1/bin/../lib/gcc/arm-none-eabi/13.2.1/../../../../arm-none-eabi/lib/thumb/v6-m/nofp/libc_nano.a(libc_a-wsetup.o)
                              /home/kaylee/.arduino15/packages/STMicroelectronics/tools/xpack-arm-none-eabi-gcc/13.2.1-1.1/bin/../lib/gcc/arm-none-eabi/13.2.1/../../../../arm-none-eabi/lib/thumb/v6-m/nofp/libc_nano.a(libc_a-puts.o) (__swsetup_r)
/home/kaylee/.arduino15/packages/STMicroelectronics/tools/xpack-arm-none-eabi-gcc/13.2.1-1.1/bin/../lib/gcc/arm-none-eabi/13.2.1/../../../../arm-none-eabi/lib/thumb/v6-m/nofp/libc_nano.a(libc_a-memset.o)
                              /home/kaylee/.arduino15/packages/STMicroelectronics/tools/xpack-arm-none-eabi-gcc/13.2.1-1.1/bin/../lib/gcc/arm-none-eabi/13.2.1/../../../../arm-none-eabi/lib/thumb/v6-m/nofp/crt0.o (memset)
/home/kaylee/.arduino15/packages/STMicroelectronics/tools/xpack-arm-none-eabi-gcc/13.2.1-1.1/bin/../lib/gcc/arm-none-eabi/13.2.1/../../../../arm-none-eabi/lib/thumb/v6-m/nofp/libc_nano.a(libc_a-closer.o)
                              /home/kaylee/.arduino15/packages/STMicroelectronics/tools/xpack-arm-none-eabi-gcc/13.2.1-1.1/bin/../lib/gcc/arm-none-eabi/13.2.1/../../../../arm-none-eabi/lib/thumb/v6-m/nofp/libc_nano.a(libc_a-stdio.o) (_close_r)
/home/kaylee/.arduino15/packages/STMicroelectronics/tools/xpack-arm-none-eabi-gcc/13.2.1-1.1/bin/../lib/gcc/arm-none-eabi/13.2.1/../../../../arm-none-eabi/lib/thumb/v6-m/nofp/libc_nano.a(libc_a-reent.o)
                              /home/kaylee/.arduino15/packages/STMicroelectronics/tools/xpack-arm-none-eabi-gcc/13.2.1-1.1/bin/../lib/gcc/arm-none-eabi/13.2.1/../../../../arm-none-eabi/lib/thumb/v6-m/nofp/libc_nano.a(libc_a-closer.o) (errno)
[...]
Memory Configuration

Name             Origin             Length             Attributes
RAM              0x20000000         0x00010000         xrw
FLASH            0x08000000         0x00040000         xr
*default*        0x00000000         0xffffffff

Linker script and memory map

LOAD /home/kaylee/.arduino15/packages/STMicroelectronics/tools/xpack-arm-none-eabi-gcc/13.2.1-1.1/bin/../lib/gcc/arm-none-eabi/13.2.1/thumb/v6-m/nofp/crti.o
LOAD /home/kaylee/.arduino15/packages/STMicroelectronics/tools/xpack-arm-none-eabi-gcc/13.2.1-1.1/bin/../lib/gcc/arm-none-eabi/13.2.1/thumb/v6-m/nofp/crtbegin.o
LOAD /home/kaylee/.arduino15/packages/STMicroelectronics/tools/xpack-arm-none-eabi-gcc/13.2.1-1.1/bin/../lib/gcc/arm-none-eabi/13.2.1/../../../../arm-none-eabi/lib/thumb/v6-m/nofp/crt0.o
LOAD build/main.o
LOAD build/sysmem.o
LOAD build/syscalls.o
LOAD build/handyarm.o
LOAD build/startup_stm32f107xc.o
LOAD /home/kaylee/.arduino15/packages/STMicroelectronics/tools/xpack-arm-none-eabi-gcc/13.2.1-1.1/bin/../lib/gcc/arm-none-eabi/13.2.1/../../../../arm-none-eabi/lib/thumb/v6-m/nofp/libc_nano.a
LOAD /home/kaylee/.arduino15/packages/STMicroelectronics/tools/xpack-arm-none-eabi-gcc/13.2.1-1.1/bin/../lib/gcc/arm-none-eabi/13.2.1/../../../../arm-none-eabi/lib/thumb/v6-m/nofp/libm.a
LOAD /home/kaylee/.arduino15/packages/STMicroelectronics/tools/xpack-arm-none-eabi-gcc/13.2.1-1.1/bin/../lib/gcc/arm-none-eabi/13.2.1/../../../../arm-none-eabi/lib/thumb/v6-m/nofp/libnosys.a
START GROUP
LOAD /home/kaylee/.arduino15/packages/STMicroelectronics/tools/xpack-arm-none-eabi-gcc/13.2.1-1.1/bin/../lib/gcc/arm-none-eabi/13.2.1/thumb/v6-m/nofp/libgcc.a
LOAD /home/kaylee/.arduino15/packages/STMicroelectronics/tools/xpack-arm-none-eabi-gcc/13.2.1-1.1/bin/../lib/gcc/arm-none-eabi/13.2.1/../../../../arm-none-eabi/lib/thumb/v6-m/nofp/libc_nano.a
END GROUP
START GROUP
LOAD /home/kaylee/.arduino15/packages/STMicroelectronics/tools/xpack-arm-none-eabi-gcc/13.2.1-1.1/bin/../lib/gcc/arm-none-eabi/13.2.1/thumb/v6-m/nofp/libgcc.a
LOAD /home/kaylee/.arduino15/packages/STMicroelectronics/tools/xpack-arm-none-eabi-gcc/13.2.1-1.1/bin/../lib/gcc/arm-none-eabi/13.2.1/../../../../arm-none-eabi/lib/thumb/v6-m/nofp/libc_nano.a
END GROUP
LOAD /home/kaylee/.arduino15/packages/STMicroelectronics/tools/xpack-arm-none-eabi-gcc/13.2.1-1.1/bin/../lib/gcc/arm-none-eabi/13.2.1/thumb/v6-m/nofp/crtend.o
LOAD /home/kaylee/.arduino15/packages/STMicroelectronics/tools/xpack-arm-none-eabi-gcc/13.2.1-1.1/bin/../lib/gcc/arm-none-eabi/13.2.1/thumb/v6-m/nofp/crtn.o
                0x20010000                        _estack = (ORIGIN (RAM) + LENGTH (RAM))
                0x00000200                        _Min_Heap_Size = 0x200
                0x00000400                        _Min_Stack_Size = 0x400

.isr_vector     0x08000000      0x1e4
                0x08000000                        . = ALIGN (0x4)
 *(.isr_vector)
 .isr_vector    0x08000000      0x1e4 build/startup_stm32f107xc.o
                0x08000000                g_pfnVectors
                0x080001e4                        . = ALIGN (0x4)

.text           0x080001e4     0x12c8
                0x080001e4                        . = ALIGN (0x4)
 *(.text)
 .text          0x080001e4       0x14 /home/kaylee/.arduino15/packages/STMicroelectronics/tools/xpack-arm-none-eabi-gcc/13.2.1-1.1/bin/../lib/gcc/arm-none-eabi/13.2.1/thumb/v6-m/nofp/libgcc.a(_thumb1_case_shi.o)
                0x080001e4                __gnu_thumb1_case_shi
 .text          0x080001f8      0x114 /home/kaylee/.arduino15/packages/STMicroelectronics/tools/xpack-arm-none-eabi-gcc/13.2.1-1.1/bin/../lib/gcc/arm-none-eabi/13.2.1/thumb/v6-m/nofp/libgcc.a(_udivsi3.o)
                0x080001f8                __udivsi3
                0x080001f8                __aeabi_uidiv
                0x08000304                __aeabi_uidivmod
 .text          0x0800030c        0x4 /home/kaylee/.arduino15/packages/STMicroelectronics/tools/xpack-arm-none-eabi-gcc/13.2.1-1.1/bin/../lib/gcc/arm-none-eabi/13.2.1/thumb/v6-m/nofp/libgcc.a(_dvmd_tls.o)
                0x0800030c                __aeabi_ldiv0
                0x0800030c                __aeabi_idiv0
 *(.text*)
 .text.__do_global_dtors_aux
                0x08000310       0x28 /home/kaylee/.arduino15/packages/STMicroelectronics/tools/xpack-arm-none-eabi-gcc/13.2.1-1.1/bin/../lib/gcc/arm-none-eabi/13.2.1/thumb/v6-m/nofp/crtbegin.o
 .text.frame_dummy
                0x08000338       0x20 /home/kaylee/.arduino15/packages/STMicroelectronics/tools/xpack-arm-none-eabi-gcc/13.2.1-1.1/bin/../lib/gcc/arm-none-eabi/13.2.1/thumb/v6-m/nofp/crtbegin.o
 .text.SystemInit
                0x08000358        0x2 build/main.o
                0x08000358                SystemInit
 .text.flash_init
                0x0800035a        0xa build/main.o
                0x0800035a                flash_init
 .text.flash_enable_write
                0x08000364        0xa build/main.o
                0x08000364                flash_enable_write
 .text.flash_disable_write
                0x0800036e        0xa build/main.o
                0x0800036e                flash_disable_write
 .text.flash_write_word
                0x08000378        0xa build/main.o
                0x08000378                flash_write_word
 *fill*         0x08000382        0x2 
 .text.main     0x08000384       0xa8 build/main.o
                0x08000384                main
 .text._sbrk    0x0800042c       0x48 build/sysmem.o
                0x0800042c                _sbrk
 .text._close   0x08000474        0x6 build/syscalls.o
                0x08000474                _close
 .text._fstat   0x0800047a        0xa build/syscalls.o
                0x0800047a                _fstat
 .text._isatty  0x08000484        0x4 build/syscalls.o
                0x08000484                _isatty
 .text._lseek   0x08000488        0x4 build/syscalls.o
                0x08000488                _lseek
 .text._read    0x0800048c       0x30 build/handyarm.o
                0x0800048c                _read
 .text._write   0x080004bc        0xc build/handyarm.o
                0x080004bc                _write
 .text.Reset_Handler
                0x080004c8       0x48 build/startup_stm32f107xc.o
                0x080004c8                Reset_Handler
 .text.Default_Handler
                0x08000510        0x2 build/startup_stm32f107xc.o
                0x08000510                RTC_Alarm_IRQHandler
                0x08000510                EXTI2_IRQHandler
                0x08000510                DebugMon_Handler
                0x08000510                TIM1_CC_IRQHandler
                0x08000510                HardFault_Handler
                0x08000510                TIM6_IRQHandler
                0x08000510                SysTick_Handler
                0x08000510                PVD_IRQHandler
                0x08000510                PendSV_Handler
                0x08000510                NMI_Handler
                0x08000510                CAN2_RX1_IRQHandler
                0x08000510                EXTI3_IRQHandler
                0x08000510                EXTI0_IRQHandler
                0x08000510                I2C2_EV_IRQHandler
                0x08000510                CAN1_RX0_IRQHandler
                0x08000510                UsageFault_Handler
                0x08000510                CAN2_SCE_IRQHandler
                0x08000510                ADC1_2_IRQHandler
                0x08000510                SPI1_IRQHandler
                0x08000510                TAMPER_IRQHandler
                0x08000510                CAN2_RX0_IRQHandler
                0x08000510                DMA2_Channel2_IRQHandler
                0x08000510                DMA1_Channel4_IRQHandler
                0x08000510                USART3_IRQHandler
                0x08000510                RTC_IRQHandler
                0x08000510                DMA1_Channel7_IRQHandler
                0x08000510                CAN1_RX1_IRQHandler
                0x08000510                UART5_IRQHandler
                0x08000510                TIM4_IRQHandler
                0x08000510                DMA2_Channel1_IRQHandler
                0x08000510                I2C1_EV_IRQHandler
                0x08000510                DMA1_Channel6_IRQHandler
                0x08000510                UART4_IRQHandler
                0x08000510                DMA2_Channel4_IRQHandler
                0x08000510                TIM3_IRQHandler
                0x08000510                RCC_IRQHandler
                0x08000510                TIM1_TRG_COM_IRQHandler
                0x08000510                DMA1_Channel1_IRQHandler
                0x08000510                Default_Handler
                0x08000510                EXTI15_10_IRQHandler
                0x08000510                TIM7_IRQHandler
                0x08000510                CAN2_TX_IRQHandler
                0x08000510                TIM5_IRQHandler
                0x08000510                EXTI9_5_IRQHandler
                0x08000510                ETH_WKUP_IRQHandler
                0x08000510                SPI2_IRQHandler
                0x08000510                MemManage_Handler
                0x08000510                CAN1_TX_IRQHandler
                0x08000510                SVC_Handler
                0x08000510                DMA2_Channel5_IRQHandler
                0x08000510                DMA1_Channel5_IRQHandler
                0x08000510                EXTI4_IRQHandler
                0x08000510                DMA1_Channel3_IRQHandler
                0x08000510                ETH_IRQHandler
                0x08000510                TIM1_UP_IRQHandler
                0x08000510                WWDG_IRQHandler
                0x08000510                TIM2_IRQHandler
                0x08000510                OTG_FS_WKUP_IRQHandler
                0x08000510                TIM1_BRK_IRQHandler
                0x08000510                EXTI1_IRQHandler
                0x08000510                USART2_IRQHandler
                0x08000510                I2C2_ER_IRQHandler
                0x08000510                DMA1_Channel2_IRQHandler
                0x08000510                CAN1_SCE_IRQHandler
                0x08000510                FLASH_IRQHandler
                0x08000510                BusFault_Handler
                0x08000510                USART1_IRQHandler
                0x08000510                OTG_FS_IRQHandler
                0x08000510                SPI3_IRQHandler
                0x08000510                I2C1_ER_IRQHandler
                0x08000510                DMA2_Channel3_IRQHandler
 *fill*         0x08000512        0x2 
 .text.std      0x08000514       0x6c /home/kaylee/.arduino15/packages/STMicroelectronics/tools/xpack-arm-none-eabi-gcc/13.2.1-1.1/bin/../lib/gcc/arm-none-eabi/13.2.1/../../../../arm-none-eabi/lib/thumb/v6-m/nofp/libc_nano.a(libc_a-findfp.o)
 .text.stdio_exit_handler
                0x08000580       0x1c /home/kaylee/.arduino15/packages/STMicroelectronics/tools/xpack-arm-none-eabi-gcc/13.2.1-1.1/bin/../lib/gcc/arm-none-eabi/13.2.1/../../../../arm-none-eabi/lib/thumb/v6-m/nofp/libc_nano.a(libc_a-findfp.o)
 .text.cleanup_stdio
                0x0800059c       0x3c /home/kaylee/.arduino15/packages/STMicroelectronics/tools/xpack-arm-none-eabi-gcc/13.2.1-1.1/bin/../lib/gcc/arm-none-eabi/13.2.1/../../../../arm-none-eabi/lib/thumb/v6-m/nofp/libc_nano.a(libc_a-findfp.o)
 .text.global_stdio_init.part.0
                0x080005d8       0x3c /home/kaylee/.arduino15/packages/STMicroelectronics/tools/xpack-arm-none-eabi-gcc/13.2.1-1.1/bin/../lib/gcc/arm-none-eabi/13.2.1/../../../../arm-none-eabi/lib/thumb/v6-m/nofp/libc_nano.a(libc_a-findfp.o)
 .text.__sfp_lock_acquire
                0x08000614       0x10 /home/kaylee/.arduino15/packages/STMicroelectronics/tools/xpack-arm-none-eabi-gcc/13.2.1-1.1/bin/../lib/gcc/arm-none-eabi/13.2.1/../../../../arm-none-eabi/lib/thumb/v6-m/nofp/libc_nano.a(libc_a-findfp.o)
                0x08000614                __sfp_lock_acquire
 .text.__sfp_lock_release
                0x08000624       0x10 /home/kaylee/.arduino15/packages/STMicroelectronics/tools/xpack-arm-none-eabi-gcc/13.2.1-1.1/bin/../lib/gcc/arm-none-eabi/13.2.1/../../../../arm-none-eabi/lib/thumb/v6-m/nofp/libc_nano.a(libc_a-findfp.o)
                0x08000624                __sfp_lock_release
 .text.__sinit  0x08000634       0x30 /home/kaylee/.arduino15/packages/STMicroelectronics/tools/xpack-arm-none-eabi-gcc/13.2.1-1.1/bin/../lib/gcc/arm-none-eabi/13.2.1/../../../../arm-none-eabi/lib/thumb/v6-m/nofp/libc_nano.a(libc_a-findfp.o)
                0x08000634                __sinit
 .text._fwalk_sglue
                0x08000664       0x38 /home/kaylee/.arduino15/packages/STMicroelectronics/tools/xpack-arm-none-eabi-gcc/13.2.1-1.1/bin/../lib/gcc/arm-none-eabi/13.2.1/../../../../arm-none-eabi/lib/thumb/v6-m/nofp/libc_nano.a(libc_a-fwalk.o)
                0x08000664                _fwalk_sglue
 .text.printf   0x0800069c       0x20 /home/kaylee/.arduino15/packages/STMicroelectronics/tools/xpack-arm-none-eabi-gcc/13.2.1-1.1/bin/../lib/gcc/arm-none-eabi/13.2.1/../../../../arm-none-eabi/lib/thumb/v6-m/nofp/libc_nano.a(libc_a-printf.o)
                0x0800069c                printf
                0x0800069c                iprintf
 .text._puts_r  0x080006bc       0xac /home/kaylee/.arduino15/packages/STMicroelectronics/tools/xpack-arm-none-eabi-gcc/13.2.1-1.1/bin/../lib/gcc/arm-none-eabi/13.2.1/../../../../arm-none-eabi/lib/thumb/v6-m/nofp/libc_nano.a(libc_a-puts.o)
                0x080006bc                _puts_r
 .text.puts     0x08000768       0x14 /home/kaylee/.arduino15/packages/STMicroelectronics/tools/xpack-arm-none-eabi-gcc/13.2.1-1.1/bin/../lib/gcc/arm-none-eabi/13.2.1/../../../../arm-none-eabi/lib/thumb/v6-m/nofp/libc_nano.a(libc_a-puts.o)
                0x08000768                puts
 .text.__sread  0x0800077c       0x28 /home/kaylee/.arduino15/packages/STMicroelectronics/tools/xpack-arm-none-eabi-gcc/13.2.1-1.1/bin/../lib/gcc/arm-none-eabi/13.2.1/../../../../arm-none-eabi/lib/thumb/v6-m/nofp/libc_nano.a(libc_a-stdio.o)
                0x0800077c                __sread
 .text.__swrite
                0x080007a4       0x38 /home/kaylee/.arduino15/packages/STMicroelectronics/tools/xpack-arm-none-eabi-gcc/13.2.1-1.1/bin/../lib/gcc/arm-none-eabi/13.2.1/../../../../arm-none-eabi/lib/thumb/v6-m/nofp/libc_nano.a(libc_a-stdio.o)
                0x080007a4                __swrite
 .text.__sseek  0x080007dc       0x2c /home/kaylee/.arduino15/packages/STMicroelectronics/tools/xpack-arm-none-eabi-gcc/13.2.1-1.1/bin/../lib/gcc/arm-none-eabi/13.2.1/../../../../arm-none-eabi/lib/thumb/v6-m/nofp/libc_nano.a(libc_a-stdio.o)
                0x080007dc                __sseek
 .text.__sclose
                0x08000808        0xc /home/kaylee/.arduino15/packages/STMicroelectronics/tools/xpack-arm-none-eabi-gcc/13.2.1-1.1/bin/../lib/gcc/arm-none-eabi/13.2.1/../../../../arm-none-eabi/lib/thumb/v6-m/nofp/libc_nano.a(libc_a-stdio.o)
                0x08000808                __sclose
 .text.__swbuf_r
                0x08000814       0x84 /home/kaylee/.arduino15/packages/STMicroelectronics/tools/xpack-arm-none-eabi-gcc/13.2.1-1.1/bin/../lib/gcc/arm-none-eabi/13.2.1/../../../../arm-none-eabi/lib/thumb/v6-m/nofp/libc_nano.a(libc_a-wbuf.o)
                0x08000814                __swbuf_r
 .text.__swsetup_r
                0x08000898       0xbc /home/kaylee/.arduino15/packages/STMicroelectronics/tools/xpack-arm-none-eabi-gcc/13.2.1-1.1/bin/../lib/gcc/arm-none-eabi/13.2.1/../../../../arm-none-eabi/lib/thumb/v6-m/nofp/libc_nano.a(libc_a-wsetup.o)
                0x08000898                __swsetup_r
 .text.memset   0x08000954       0x10 /home/kaylee/.arduino15/packages/STMicroelectronics/tools/xpack-arm-none-eabi-gcc/13.2.1-1.1/bin/../lib/gcc/arm-none-eabi/13.2.1/../../../../arm-none-eabi/lib/thumb/v6-m/nofp/libc_nano.a(libc_a-memset.o)
                0x08000954                memset
 .text._close_r
                0x08000964       0x24 /home/kaylee/.arduino15/packages/STMicroelectronics/tools/xpack-arm-none-eabi-gcc/13.2.1-1.1/bin/../lib/gcc/arm-none-eabi/13.2.1/../../../../arm-none-eabi/lib/thumb/v6-m/nofp/libc_nano.a(libc_a-closer.o)
                0x08000964                _close_r
 .text._lseek_r
                0x08000988       0x28 /home/kaylee/.arduino15/packages/STMicroelectronics/tools/xpack-arm-none-eabi-gcc/13.2.1-1.1/bin/../lib/gcc/arm-none-eabi/13.2.1/../../../../arm-none-eabi/lib/thumb/v6-m/nofp/libc_nano.a(libc_a-lseekr.o)
                0x08000988                _lseek_r
 .text._read_r  0x080009b0       0x28 /home/kaylee/.arduino15/packages/STMicroelectronics/tools/xpack-arm-none-eabi-gcc/13.2.1-1.1/bin/../lib/gcc/arm-none-eabi/13.2.1/../../../../arm-none-eabi/lib/thumb/v6-m/nofp/libc_nano.a(libc_a-readr.o)
                0x080009b0                _read_r
 .text._write_r
                0x080009d8       0x28 /home/kaylee/.arduino15/packages/STMicroelectronics/tools/xpack-arm-none-eabi-gcc/13.2.1-1.1/bin/../lib/gcc/arm-none-eabi/13.2.1/../../../../arm-none-eabi/lib/thumb/v6-m/nofp/libc_nano.a(libc_a-writer.o)
                0x080009d8                _write_r
 .text.__errno  0x08000a00        0xc /home/kaylee/.arduino15/packages/STMicroelectronics/tools/xpack-arm-none-eabi-gcc/13.2.1-1.1/bin/../lib/gcc/arm-none-eabi/13.2.1/../../../../arm-none-eabi/lib/thumb/v6-m/nofp/libc_nano.a(libc_a-errno.o)
                0x08000a00                __errno
 .text.__libc_init_array
                0x08000a0c       0x48 /home/kaylee/.arduino15/packages/STMicroelectronics/tools/xpack-arm-none-eabi-gcc/13.2.1-1.1/bin/../lib/gcc/arm-none-eabi/13.2.1/../../../../arm-none-eabi/lib/thumb/v6-m/nofp/libc_nano.a(libc_a-init.o)
                0x08000a0c                __libc_init_array
 .text.__retarget_lock_init_recursive
                0x08000a54        0x2 /home/kaylee/.arduino15/packages/STMicroelectronics/tools/xpack-arm-none-eabi-gcc/13.2.1-1.1/bin/../lib/gcc/arm-none-eabi/13.2.1/../../../../arm-none-eabi/lib/thumb/v6-m/nofp/libc_nano.a(libc_a-lock.o)
                0x08000a54                __retarget_lock_init_recursive
 .text.__retarget_lock_acquire_recursive
                0x08000a56        0x2 /home/kaylee/.arduino15/packages/STMicroelectronics/tools/xpack-arm-none-eabi-gcc/13.2.1-1.1/bin/../lib/gcc/arm-none-eabi/13.2.1/../../../../arm-none-eabi/lib/thumb/v6-m/nofp/libc_nano.a(libc_a-lock.o)
                0x08000a56                __retarget_lock_acquire_recursive
 .text.__retarget_lock_release_recursive
                0x08000a58        0x2 /home/kaylee/.arduino15/packages/STMicroelectronics/tools/xpack-arm-none-eabi-gcc/13.2.1-1.1/bin/../lib/gcc/arm-none-eabi/13.2.1/../../../../arm-none-eabi/lib/thumb/v6-m/nofp/libc_nano.a(libc_a-lock.o)
                0x08000a58                __retarget_lock_release_recursive
 *fill*         0x08000a5a        0x2 
 .text._free_r  0x08000a5c       0x94 /home/kaylee/.arduino15/packages/STMicroelectronics/tools/xpack-arm-none-eabi-gcc/13.2.1-1.1/bin/../lib/gcc/arm-none-eabi/13.2.1/../../../../arm-none-eabi/lib/thumb/v6-m/nofp/libc_nano.a(libc_a-freer.o)
                0x08000a5c                _free_r
 .text.sbrk_aligned
                0x08000af0       0x44 /home/kaylee/.arduino15/packages/STMicroelectronics/tools/xpack-arm-none-eabi-gcc/13.2.1-1.1/bin/../lib/gcc/arm-none-eabi/13.2.1/../../../../arm-none-eabi/lib/thumb/v6-m/nofp/libc_nano.a(libc_a-mallocr.o)
 .text._malloc_r
                0x08000b34      0x100 /home/kaylee/.arduino15/packages/STMicroelectronics/tools/xpack-arm-none-eabi-gcc/13.2.1-1.1/bin/../lib/gcc/arm-none-eabi/13.2.1/../../../../arm-none-eabi/lib/thumb/v6-m/nofp/libc_nano.a(libc_a-mallocr.o)
                0x08000b34                _malloc_r
 .text.__malloc_lock
                0x08000c34       0x10 /home/kaylee/.arduino15/packages/STMicroelectronics/tools/xpack-arm-none-eabi-gcc/13.2.1-1.1/bin/../lib/gcc/arm-none-eabi/13.2.1/../../../../arm-none-eabi/lib/thumb/v6-m/nofp/libc_nano.a(libc_a-mlock.o)
                0x08000c34                __malloc_lock
 .text.__malloc_unlock
                0x08000c44       0x10 /home/kaylee/.arduino15/packages/STMicroelectronics/tools/xpack-arm-none-eabi-gcc/13.2.1-1.1/bin/../lib/gcc/arm-none-eabi/13.2.1/../../../../arm-none-eabi/lib/thumb/v6-m/nofp/libc_nano.a(libc_a-mlock.o)
                0x08000c44                __malloc_unlock
 .text.__sfputc_r
                0x08000c54       0x2a /home/kaylee/.arduino15/packages/STMicroelectronics/tools/xpack-arm-none-eabi-gcc/13.2.1-1.1/bin/../lib/gcc/arm-none-eabi/13.2.1/../../../../arm-none-eabi/lib/thumb/v6-m/nofp/libc_nano.a(libc_a-nano-vfprintf.o)
 .text.__sfputs_r
                0x08000c7e       0x24 /home/kaylee/.arduino15/packages/STMicroelectronics/tools/xpack-arm-none-eabi-gcc/13.2.1-1.1/bin/../lib/gcc/arm-none-eabi/13.2.1/../../../../arm-none-eabi/lib/thumb/v6-m/nofp/libc_nano.a(libc_a-nano-vfprintf.o)
                0x08000c7e                __sfputs_r
 *fill*         0x08000ca2        0x2 
 .text._vfprintf_r
                0x08000ca4      0x238 /home/kaylee/.arduino15/packages/STMicroelectronics/tools/xpack-arm-none-eabi-gcc/13.2.1-1.1/bin/../lib/gcc/arm-none-eabi/13.2.1/../../../../arm-none-eabi/lib/thumb/v6-m/nofp/libc_nano.a(libc_a-nano-vfprintf.o)
                0x08000ca4                _vfiprintf_r
                0x08000ca4                _vfprintf_r
 .text._printf_common
                0x08000edc       0xde /home/kaylee/.arduino15/packages/STMicroelectronics/tools/xpack-arm-none-eabi-gcc/13.2.1-1.1/bin/../lib/gcc/arm-none-eabi/13.2.1/../../../../arm-none-eabi/lib/thumb/v6-m/nofp/libc_nano.a(libc_a-nano-vfprintf_i.o)
                0x08000edc                _printf_common
 *fill*         0x08000fba        0x2 
 .text._printf_i
                0x08000fbc      0x218 /home/kaylee/.arduino15/packages/STMicroelectronics/tools/xpack-arm-none-eabi-gcc/13.2.1-1.1/bin/../lib/gcc/arm-none-eabi/13.2.1/../../../../arm-none-eabi/lib/thumb/v6-m/nofp/libc_nano.a(libc_a-nano-vfprintf_i.o)
                0x08000fbc                _printf_i
 .text.__sflush_r
                0x080011d4      0x10c /home/kaylee/.arduino15/packages/STMicroelectronics/tools/xpack-arm-none-eabi-gcc/13.2.1-1.1/bin/../lib/gcc/arm-none-eabi/13.2.1/../../../../arm-none-eabi/lib/thumb/v6-m/nofp/libc_nano.a(libc_a-fflush.o)
                0x080011d4                __sflush_r
 .text._fflush_r
                0x080012e0       0x56 /home/kaylee/.arduino15/packages/STMicroelectronics/tools/xpack-arm-none-eabi-gcc/13.2.1-1.1/bin/../lib/gcc/arm-none-eabi/13.2.1/../../../../arm-none-eabi/lib/thumb/v6-m/nofp/libc_nano.a(libc_a-fflush.o)
                0x080012e0                _fflush_r
 *fill*         0x08001336        0x2 
 .text.__swhatbuf_r
                0x08001338       0x54 /home/kaylee/.arduino15/packages/STMicroelectronics/tools/xpack-arm-none-eabi-gcc/13.2.1-1.1/bin/../lib/gcc/arm-none-eabi/13.2.1/../../../../arm-none-eabi/lib/thumb/v6-m/nofp/libc_nano.a(libc_a-makebuf.o)
                0x08001338                __swhatbuf_r
 .text.__smakebuf_r
                0x0800138c       0x82 /home/kaylee/.arduino15/packages/STMicroelectronics/tools/xpack-arm-none-eabi-gcc/13.2.1-1.1/bin/../lib/gcc/arm-none-eabi/13.2.1/../../../../arm-none-eabi/lib/thumb/v6-m/nofp/libc_nano.a(libc_a-makebuf.o)
                0x0800138c                __smakebuf_r
 *fill*         0x0800140e        0x2 
 .text._fstat_r
                0x08001410       0x24 /home/kaylee/.arduino15/packages/STMicroelectronics/tools/xpack-arm-none-eabi-gcc/13.2.1-1.1/bin/../lib/gcc/arm-none-eabi/13.2.1/../../../../arm-none-eabi/lib/thumb/v6-m/nofp/libc_nano.a(libc_a-fstatr.o)
                0x08001410                _fstat_r
 .text._isatty_r
                0x08001434       0x24 /home/kaylee/.arduino15/packages/STMicroelectronics/tools/xpack-arm-none-eabi-gcc/13.2.1-1.1/bin/../lib/gcc/arm-none-eabi/13.2.1/../../../../arm-none-eabi/lib/thumb/v6-m/nofp/libc_nano.a(libc_a-isattyr.o)
                0x08001434                _isatty_r
 .text._sbrk_r  0x08001458       0x24 /home/kaylee/.arduino15/packages/STMicroelectronics/tools/xpack-arm-none-eabi-gcc/13.2.1-1.1/bin/../lib/gcc/arm-none-eabi/13.2.1/../../../../arm-none-eabi/lib/thumb/v6-m/nofp/libc_nano.a(libc_a-sbrkr.o)
                0x08001458                _sbrk_r
 .text.memchr   0x0800147c       0x16 /home/kaylee/.arduino15/packages/STMicroelectronics/tools/xpack-arm-none-eabi-gcc/13.2.1-1.1/bin/../lib/gcc/arm-none-eabi/13.2.1/../../../../arm-none-eabi/lib/thumb/v6-m/nofp/libc_nano.a(libc_a-memchr-stub.o)
                0x0800147c                memchr
 *(.glue_7)
 .glue_7        0x08001492        0x0 linker stubs
 *(.glue_7t)
 .glue_7t       0x08001492        0x0 linker stubs
 *(.eh_frame)
 *fill*         0x08001492        0x2 
 .eh_frame      0x08001494        0x0 /home/kaylee/.arduino15/packages/STMicroelectronics/tools/xpack-arm-none-eabi-gcc/13.2.1-1.1/bin/../lib/gcc/arm-none-eabi/13.2.1/thumb/v6-m/nofp/crtbegin.o
 *(.init)
 .init          0x08001494        0x4 /home/kaylee/.arduino15/packages/STMicroelectronics/tools/xpack-arm-none-eabi-gcc/13.2.1-1.1/bin/../lib/gcc/arm-none-eabi/13.2.1/thumb/v6-m/nofp/crti.o
                0x08001494                _init
 .init          0x08001498        0x8 /home/kaylee/.arduino15/packages/STMicroelectronics/tools/xpack-arm-none-eabi-gcc/13.2.1-1.1/bin/../lib/gcc/arm-none-eabi/13.2.1/thumb/v6-m/nofp/crtn.o
 *(.fini)
 .fini          0x080014a0        0x4 /home/kaylee/.arduino15/packages/STMicroelectronics/tools/xpack-arm-none-eabi-gcc/13.2.1-1.1/bin/../lib/gcc/arm-none-eabi/13.2.1/thumb/v6-m/nofp/crti.o
                0x080014a0                _fini
 .fini          0x080014a4        0x8 /home/kaylee/.arduino15/packages/STMicroelectronics/tools/xpack-arm-none-eabi-gcc/13.2.1-1.1/bin/../lib/gcc/arm-none-eabi/13.2.1/thumb/v6-m/nofp/crtn.o
                0x080014ac                        . = ALIGN (0x4)
                0x080014ac                        _etext = .

.vfp11_veneer   0x080014ac        0x0
 .vfp11_veneer  0x080014ac        0x0 linker stubs

.v4_bx          0x080014ac        0x0
 .v4_bx         0x080014ac        0x0 linker stubs

.iplt           0x080014ac        0x0
 .iplt          0x080014ac        0x0 /home/kaylee/.arduino15/packages/STMicroelectronics/tools/xpack-arm-none-eabi-gcc/13.2.1-1.1/bin/../lib/gcc/arm-none-eabi/13.2.1/thumb/v6-m/nofp/crtbegin.o

.rodata         0x080014ac      0x148
                0x080014ac                        . = ALIGN (0x4)
 *(.rodata)
 *(.rodata*)
 .rodata.main.str1.4
                0x080014ac      0x114 build/main.o
 .rodata._vfprintf_r.str1.1
                0x080015c0       0x33 /home/kaylee/.arduino15/packages/STMicroelectronics/tools/xpack-arm-none-eabi-gcc/13.2.1-1.1/bin/../lib/gcc/arm-none-eabi/13.2.1/../../../../arm-none-eabi/lib/thumb/v6-m/nofp/libc_nano.a(libc_a-nano-vfprintf.o)
                                 0x11 (size before relaxing)
 .rodata._printf_i.str1.1
                0x080015f3       0x22 /home/kaylee/.arduino15/packages/STMicroelectronics/tools/xpack-arm-none-eabi-gcc/13.2.1-1.1/bin/../lib/gcc/arm-none-eabi/13.2.1/../../../../arm-none-eabi/lib/thumb/v6-m/nofp/libc_nano.a(libc_a-nano-vfprintf_i.o)
                0x08001618                        . = ALIGN (0x4)
 *fill*         0x080015f3        0x1 

.rel.dyn        0x080015f4        0x0
 .rel.iplt      0x080015f4        0x0 /home/kaylee/.arduino15/packages/STMicroelectronics/tools/xpack-arm-none-eabi-gcc/13.2.1-1.1/bin/../lib/gcc/arm-none-eabi/13.2.1/thumb/v6-m/nofp/crtbegin.o

.ARM.extab
 *(.ARM.extab* .gnu.linkonce.armextab.*)

.ARM            0x080015f4        0x0
                0x080015f4                        __exidx_start = .
 *(.ARM.exidx*)
                0x080015f4                        __exidx_end = .

.preinit_array  0x080015f4        0x0
                0x080015f4                        PROVIDE (__preinit_array_start = .)
 *(.preinit_array*)
                0x080015f4                        PROVIDE (__preinit_array_end = .)

.init_array     0x080015f4        0x4
                0x080015f4                        PROVIDE (__init_array_start = .)
 *(SORT_BY_NAME(.init_array.*))
 *(.init_array*)
 .init_array    0x080015f4        0x4 /home/kaylee/.arduino15/packages/STMicroelectronics/tools/xpack-arm-none-eabi-gcc/13.2.1-1.1/bin/../lib/gcc/arm-none-eabi/13.2.1/thumb/v6-m/nofp/crtbegin.o
                0x080015f8                        PROVIDE (__init_array_end = .)

.fini_array     0x080015f8        0x4
                0x080015f8                        PROVIDE (__fini_array_start = .)
 *(SORT_BY_NAME(.fini_array.*))
 *(.fini_array*)
 .fini_array    0x080015f8        0x4 /home/kaylee/.arduino15/packages/STMicroelectronics/tools/xpack-arm-none-eabi-gcc/13.2.1-1.1/bin/../lib/gcc/arm-none-eabi/13.2.1/thumb/v6-m/nofp/crtbegin.o
                0x080015fc                        PROVIDE (__fini_array_end = .)
                0x080015fc                        _sidata = LOADADDR (.data)

.data           0x20000000       0x5c load address 0x080015fc
                0x20000000                        . = ALIGN (0x4)
                0x20000000                        _sdata = .
 *(.data)
 *(.data*)
 .data.__sglue  0x20000000        0xc /home/kaylee/.arduino15/packages/STMicroelectronics/tools/xpack-arm-none-eabi-gcc/13.2.1-1.1/bin/../lib/gcc/arm-none-eabi/13.2.1/../../../../arm-none-eabi/lib/thumb/v6-m/nofp/libc_nano.a(libc_a-findfp.o)
                0x20000000                __sglue
 .data._impure_ptr
                0x2000000c        0x4 /home/kaylee/.arduino15/packages/STMicroelectronics/tools/xpack-arm-none-eabi-gcc/13.2.1-1.1/bin/../lib/gcc/arm-none-eabi/13.2.1/../../../../arm-none-eabi/lib/thumb/v6-m/nofp/libc_nano.a(libc_a-impure.o)
                0x2000000c                _impure_ptr
 .data._impure_data
                0x20000010       0x4c /home/kaylee/.arduino15/packages/STMicroelectronics/tools/xpack-arm-none-eabi-gcc/13.2.1-1.1/bin/../lib/gcc/arm-none-eabi/13.2.1/../../../../arm-none-eabi/lib/thumb/v6-m/nofp/libc_nano.a(libc_a-impure.o)
                0x20000010                _impure_data
                0x2000005c                        . = ALIGN (0x4)
                0x2000005c                        _edata = .

.igot.plt       0x2000005c        0x0 load address 0x08001658
 .igot.plt      0x2000005c        0x0 /home/kaylee/.arduino15/packages/STMicroelectronics/tools/xpack-arm-none-eabi-gcc/13.2.1-1.1/bin/../lib/gcc/arm-none-eabi/13.2.1/thumb/v6-m/nofp/crtbegin.o
                0x2000005c                        . = ALIGN (0x4)

.bss            0x2000005c      0x16c load address 0x08001658
                0x2000005c                        _sbss = .
                0x2000005c                        __bss_start__ = _sbss
 *(.bss)
 *(.bss*)
 .bss.completed.1
                0x2000005c        0x1 /home/kaylee/.arduino15/packages/STMicroelectronics/tools/xpack-arm-none-eabi-gcc/13.2.1-1.1/bin/../lib/gcc/arm-none-eabi/13.2.1/thumb/v6-m/nofp/crtbegin.o
 *fill*         0x2000005d        0x3 
 .bss.object.0  0x20000060       0x18 /home/kaylee/.arduino15/packages/STMicroelectronics/tools/xpack-arm-none-eabi-gcc/13.2.1-1.1/bin/../lib/gcc/arm-none-eabi/13.2.1/thumb/v6-m/nofp/crtbegin.o
 .bss.__sbrk_heap_end
                0x20000078        0x4 build/sysmem.o
 .bss.__sf      0x2000007c      0x138 /home/kaylee/.arduino15/packages/STMicroelectronics/tools/xpack-arm-none-eabi-gcc/13.2.1-1.1/bin/../lib/gcc/arm-none-eabi/13.2.1/../../../../arm-none-eabi/lib/thumb/v6-m/nofp/libc_nano.a(libc_a-findfp.o)
                0x2000007c                __sf
 .bss.__stdio_exit_handler
                0x200001b4        0x4 /home/kaylee/.arduino15/packages/STMicroelectronics/tools/xpack-arm-none-eabi-gcc/13.2.1-1.1/bin/../lib/gcc/arm-none-eabi/13.2.1/../../../../arm-none-eabi/lib/thumb/v6-m/nofp/libc_nano.a(libc_a-findfp.o)
                0x200001b4                __stdio_exit_handler
 .bss.errno     0x200001b8        0x4 /home/kaylee/.arduino15/packages/STMicroelectronics/tools/xpack-arm-none-eabi-gcc/13.2.1-1.1/bin/../lib/gcc/arm-none-eabi/13.2.1/../../../../arm-none-eabi/lib/thumb/v6-m/nofp/libc_nano.a(libc_a-reent.o)
                0x200001b8                errno
 .bss.__lock___malloc_recursive_mutex
                0x200001bc        0x1 /home/kaylee/.arduino15/packages/STMicroelectronics/tools/xpack-arm-none-eabi-gcc/13.2.1-1.1/bin/../lib/gcc/arm-none-eabi/13.2.1/../../../../arm-none-eabi/lib/thumb/v6-m/nofp/libc_nano.a(libc_a-lock.o)
                0x200001bc                __lock___malloc_recursive_mutex
 .bss.__lock___sfp_recursive_mutex
                0x200001bd        0x1 /home/kaylee/.arduino15/packages/STMicroelectronics/tools/xpack-arm-none-eabi-gcc/13.2.1-1.1/bin/../lib/gcc/arm-none-eabi/13.2.1/../../../../arm-none-eabi/lib/thumb/v6-m/nofp/libc_nano.a(libc_a-lock.o)
                0x200001bd                __lock___sfp_recursive_mutex
 *fill*         0x200001be        0x2 
 .bss.__malloc_sbrk_start
                0x200001c0        0x4 /home/kaylee/.arduino15/packages/STMicroelectronics/tools/xpack-arm-none-eabi-gcc/13.2.1-1.1/bin/../lib/gcc/arm-none-eabi/13.2.1/../../../../arm-none-eabi/lib/thumb/v6-m/nofp/libc_nano.a(libc_a-mallocr.o)
                0x200001c0                __malloc_sbrk_start
 .bss.__malloc_free_list
                0x200001c4        0x4 /home/kaylee/.arduino15/packages/STMicroelectronics/tools/xpack-arm-none-eabi-gcc/13.2.1-1.1/bin/../lib/gcc/arm-none-eabi/13.2.1/../../../../arm-none-eabi/lib/thumb/v6-m/nofp/libc_nano.a(libc_a-mallocr.o)
                0x200001c4                __malloc_free_list
 *(COMMON)
                0x200001c8                        . = ALIGN (0x4)
                0x200001c8                        _ebss = .
                0x200001c8                        __bss_end__ = _ebss

._user_heap_stack
                0x200001c8      0x600 load address 0x08001658
                0x200001c8                        . = ALIGN (0x8)
                [!provide]                        PROVIDE (end = .)
                0x200001c8                        PROVIDE (_end = .)
                0x200003c8                        . = (. + _Min_Heap_Size)
 *fill*         0x200001c8      0x200 
                0x200007c8                        . = (. + _Min_Stack_Size)
 *fill*         0x200003c8      0x400 
                0x200007c8                        . = ALIGN (0x8)

/DISCARD/
 libc.a(*)
 libm.a(*)
 libgcc.a(*)

.ARM.attributes
                0x00000000       0x2d
 *(.ARM.attributes)
 .ARM.attributes
                0x00000000       0x1e /home/kaylee/.arduino15/packages/STMicroelectronics/tools/xpack-arm-none-eabi-gcc/13.2.1-1.1/bin/../lib/gcc/arm-none-eabi/13.2.1/thumb/v6-m/nofp/crti.o
 .ARM.attributes
                0x0000001e       0x2c /home/kaylee/.arduino15/packages/STMicroelectronics/tools/xpack-arm-none-eabi-gcc/13.2.1-1.1/bin/../lib/gcc/arm-none-eabi/13.2.1/thumb/v6-m/nofp/crtbegin.o
 .ARM.attributes
                0x0000004a       0x2c build/main.o
 .ARM.attributes
                0x00000076       0x2c build/sysmem.o
 .ARM.attributes
                0x000000a2       0x2c build/syscalls.o
 .ARM.attributes
                0x000000ce       0x2c build/handyarm.o
 .ARM.attributes
                0x000000fa       0x21 build/startup_stm32f107xc.o
 .ARM.attributes
                0x0000011b       0x2c /home/kaylee/.arduino15/packages/STMicroelectronics/tools/xpack-arm-none-eabi-gcc/13.2.1-1.1/bin/../lib/gcc/arm-none-eabi/13.2.1/../../../../arm-none-eabi/lib/thumb/v6-m/nofp/libc_nano.a(libc_a-findfp.o)
 .ARM.attributes
                0x00000147       0x2c /home/kaylee/.arduino15/packages/STMicroelectronics/tools/xpack-arm-none-eabi-gcc/13.2.1-1.1/bin/../lib/gcc/arm-none-eabi/13.2.1/../../../../arm-none-eabi/lib/thumb/v6-m/nofp/libc_nano.a(libc_a-fwalk.o)
 .ARM.attributes
                0x00000173       0x2c /home/kaylee/.arduino15/packages/STMicroelectronics/tools/xpack-arm-none-eabi-gcc/13.2.1-1.1/bin/../lib/gcc/arm-none-eabi/13.2.1/../../../../arm-none-eabi/lib/thumb/v6-m/nofp/libc_nano.a(libc_a-printf.o)
 .ARM.attributes
                0x0000019f       0x2c /home/kaylee/.arduino15/packages/STMicroelectronics/tools/xpack-arm-none-eabi-gcc/13.2.1-1.1/bin/../lib/gcc/arm-none-eabi/13.2.1/../../../../arm-none-eabi/lib/thumb/v6-m/nofp/libc_nano.a(libc_a-puts.o)
 .ARM.attributes
                0x000001cb       0x2c /home/kaylee/.arduino15/packages/STMicroelectronics/tools/xpack-arm-none-eabi-gcc/13.2.1-1.1/bin/../lib/gcc/arm-none-eabi/13.2.1/../../../../arm-none-eabi/lib/thumb/v6-m/nofp/libc_nano.a(libc_a-stdio.o)
 .ARM.attributes
                0x000001f7       0x2c /home/kaylee/.arduino15/packages/STMicroelectronics/tools/xpack-arm-none-eabi-gcc/13.2.1-1.1/bin/../lib/gcc/arm-none-eabi/13.2.1/../../../../arm-none-eabi/lib/thumb/v6-m/nofp/libc_nano.a(libc_a-wbuf.o)
 .ARM.attributes
                0x00000223       0x2c /home/kaylee/.arduino15/packages/STMicroelectronics/tools/xpack-arm-none-eabi-gcc/13.2.1-1.1/bin/../lib/gcc/arm-none-eabi/13.2.1/../../../../arm-none-eabi/lib/thumb/v6-m/nofp/libc_nano.a(libc_a-wsetup.o)
 .ARM.attributes
                0x0000024f       0x2c /home/kaylee/.arduino15/packages/STMicroelectronics/tools/xpack-arm-none-eabi-gcc/13.2.1-1.1/bin/../lib/gcc/arm-none-eabi/13.2.1/../../../../arm-none-eabi/lib/thumb/v6-m/nofp/libc_nano.a(libc_a-memset.o)
 .ARM.attributes
                0x0000027b       0x2c /home/kaylee/.arduino15/packages/STMicroelectronics/tools/xpack-arm-none-eabi-gcc/13.2.1-1.1/bin/../lib/gcc/arm-none-eabi/13.2.1/../../../../arm-none-eabi/lib/thumb/v6-m/nofp/libc_nano.a(libc_a-closer.o)
 .ARM.attributes
                0x000002a7       0x2c /home/kaylee/.arduino15/packages/STMicroelectronics/tools/xpack-arm-none-eabi-gcc/13.2.1-1.1/bin/../lib/gcc/arm-none-eabi/13.2.1/../../../../arm-none-eabi/lib/thumb/v6-m/nofp/libc_nano.a(libc_a-reent.o)
 .ARM.attributes
                0x000002d3       0x2c /home/kaylee/.arduino15/packages/STMicroelectronics/tools/xpack-arm-none-eabi-gcc/13.2.1-1.1/bin/../lib/gcc/arm-none-eabi/13.2.1/../../../../arm-none-eabi/lib/thumb/v6-m/nofp/libc_nano.a(libc_a-impure.o)
 .ARM.attributes
                0x000002ff       0x2c /home/kaylee/.arduino15/packages/STMicroelectronics/tools/xpack-arm-none-eabi-gcc/13.2.1-1.1/bin/../lib/gcc/arm-none-eabi/13.2.1/../../../../arm-none-eabi/lib/thumb/v6-m/nofp/libc_nano.a(libc_a-lseekr.o)
 .ARM.attributes
                0x0000032b       0x2c /home/kaylee/.arduino15/packages/STMicroelectronics/tools/xpack-arm-none-eabi-gcc/13.2.1-1.1/bin/../lib/gcc/arm-none-eabi/13.2.1/../../../../arm-none-eabi/lib/thumb/v6-m/nofp/libc_nano.a(libc_a-readr.o)
 .ARM.attributes
                0x00000357       0x2c /home/kaylee/.arduino15/packages/STMicroelectronics/tools/xpack-arm-none-eabi-gcc/13.2.1-1.1/bin/../lib/gcc/arm-none-eabi/13.2.1/../../../../arm-none-eabi/lib/thumb/v6-m/nofp/libc_nano.a(libc_a-writer.o)
 .ARM.attributes
                0x00000383       0x2c /home/kaylee/.arduino15/packages/STMicroelectronics/tools/xpack-arm-none-eabi-gcc/13.2.1-1.1/bin/../lib/gcc/arm-none-eabi/13.2.1/../../../../arm-none-eabi/lib/thumb/v6-m/nofp/libc_nano.a(libc_a-errno.o)
 .ARM.attributes
                0x000003af       0x2c /home/kaylee/.arduino15/packages/STMicroelectronics/tools/xpack-arm-none-eabi-gcc/13.2.1-1.1/bin/../lib/gcc/arm-none-eabi/13.2.1/../../../../arm-none-eabi/lib/thumb/v6-m/nofp/libc_nano.a(libc_a-init.o)
 .ARM.attributes
                0x000003db       0x2c /home/kaylee/.arduino15/packages/STMicroelectronics/tools/xpack-arm-none-eabi-gcc/13.2.1-1.1/bin/../lib/gcc/arm-none-eabi/13.2.1/../../../../arm-none-eabi/lib/thumb/v6-m/nofp/libc_nano.a(libc_a-lock.o)
 .ARM.attributes
                0x00000407       0x2c /home/kaylee/.arduino15/packages/STMicroelectronics/tools/xpack-arm-none-eabi-gcc/13.2.1-1.1/bin/../lib/gcc/arm-none-eabi/13.2.1/../../../../arm-none-eabi/lib/thumb/v6-m/nofp/libc_nano.a(libc_a-freer.o)
 .ARM.attributes
                0x00000433       0x2c /home/kaylee/.arduino15/packages/STMicroelectronics/tools/xpack-arm-none-eabi-gcc/13.2.1-1.1/bin/../lib/gcc/arm-none-eabi/13.2.1/../../../../arm-none-eabi/lib/thumb/v6-m/nofp/libc_nano.a(libc_a-mallocr.o)
 .ARM.attributes
                0x0000045f       0x2c /home/kaylee/.arduino15/packages/STMicroelectronics/tools/xpack-arm-none-eabi-gcc/13.2.1-1.1/bin/../lib/gcc/arm-none-eabi/13.2.1/../../../../arm-none-eabi/lib/thumb/v6-m/nofp/libc_nano.a(libc_a-mlock.o)
 .ARM.attributes
                0x0000048b       0x2c /home/kaylee/.arduino15/packages/STMicroelectronics/tools/xpack-arm-none-eabi-gcc/13.2.1-1.1/bin/../lib/gcc/arm-none-eabi/13.2.1/../../../../arm-none-eabi/lib/thumb/v6-m/nofp/libc_nano.a(libc_a-nano-vfprintf.o)
 .ARM.attributes
                0x000004b7       0x2c /home/kaylee/.arduino15/packages/STMicroelectronics/tools/xpack-arm-none-eabi-gcc/13.2.1-1.1/bin/../lib/gcc/arm-none-eabi/13.2.1/../../../../arm-none-eabi/lib/thumb/v6-m/nofp/libc_nano.a(libc_a-nano-vfprintf_i.o)
 .ARM.attributes
                0x000004e3       0x2c /home/kaylee/.arduino15/packages/STMicroelectronics/tools/xpack-arm-none-eabi-gcc/13.2.1-1.1/bin/../lib/gcc/arm-none-eabi/13.2.1/../../../../arm-none-eabi/lib/thumb/v6-m/nofp/libc_nano.a(libc_a-fflush.o)
 .ARM.attributes
                0x0000050f       0x2c /home/kaylee/.arduino15/packages/STMicroelectronics/tools/xpack-arm-none-eabi-gcc/13.2.1-1.1/bin/../lib/gcc/arm-none-eabi/13.2.1/../../../../arm-none-eabi/lib/thumb/v6-m/nofp/libc_nano.a(libc_a-makebuf.o)
 .ARM.attributes
                0x0000053b       0x2c /home/kaylee/.arduino15/packages/STMicroelectronics/tools/xpack-arm-none-eabi-gcc/13.2.1-1.1/bin/../lib/gcc/arm-none-eabi/13.2.1/../../../../arm-none-eabi/lib/thumb/v6-m/nofp/libc_nano.a(libc_a-fstatr.o)
 .ARM.attributes
                0x00000567       0x2c /home/kaylee/.arduino15/packages/STMicroelectronics/tools/xpack-arm-none-eabi-gcc/13.2.1-1.1/bin/../lib/gcc/arm-none-eabi/13.2.1/../../../../arm-none-eabi/lib/thumb/v6-m/nofp/libc_nano.a(libc_a-isattyr.o)
 .ARM.attributes
                0x00000593       0x2c /home/kaylee/.arduino15/packages/STMicroelectronics/tools/xpack-arm-none-eabi-gcc/13.2.1-1.1/bin/../lib/gcc/arm-none-eabi/13.2.1/../../../../arm-none-eabi/lib/thumb/v6-m/nofp/libc_nano.a(libc_a-sbrkr.o)
 .ARM.attributes
                0x000005bf       0x2c /home/kaylee/.arduino15/packages/STMicroelectronics/tools/xpack-arm-none-eabi-gcc/13.2.1-1.1/bin/../lib/gcc/arm-none-eabi/13.2.1/../../../../arm-none-eabi/lib/thumb/v6-m/nofp/libc_nano.a(libc_a-memchr-stub.o)
 .ARM.attributes
                0x000005eb       0x1e /home/kaylee/.arduino15/packages/STMicroelectronics/tools/xpack-arm-none-eabi-gcc/13.2.1-1.1/bin/../lib/gcc/arm-none-eabi/13.2.1/thumb/v6-m/nofp/libgcc.a(_thumb1_case_shi.o)
 .ARM.attributes
                0x00000609       0x1e /home/kaylee/.arduino15/packages/STMicroelectronics/tools/xpack-arm-none-eabi-gcc/13.2.1-1.1/bin/../lib/gcc/arm-none-eabi/13.2.1/thumb/v6-m/nofp/libgcc.a(_udivsi3.o)
 .ARM.attributes
                0x00000627       0x1e /home/kaylee/.arduino15/packages/STMicroelectronics/tools/xpack-arm-none-eabi-gcc/13.2.1-1.1/bin/../lib/gcc/arm-none-eabi/13.2.1/thumb/v6-m/nofp/libgcc.a(_dvmd_tls.o)
 .ARM.attributes
                0x00000645       0x1e /home/kaylee/.arduino15/packages/STMicroelectronics/tools/xpack-arm-none-eabi-gcc/13.2.1-1.1/bin/../lib/gcc/arm-none-eabi/13.2.1/thumb/v6-m/nofp/crtn.o
OUTPUT(build/Flash_Example.elf elf32-littlearm)
LOAD linker stubs
LOAD /home/kaylee/.arduino15/packages/STMicroelectronics/tools/xpack-arm-none-eabi-gcc/13.2.1-1.1/bin/../lib/gcc/arm-none-eabi/13.2.1/../../../../arm-none-eabi/lib/thumb/v6-m/nofp/libc.a
LOAD /home/kaylee/.arduino15/packages/STMicroelectronics/tools/xpack-arm-none-eabi-gcc/13.2.1-1.1/bin/../lib/gcc/arm-none-eabi/13.2.1/../../../../arm-none-eabi/lib/thumb/v6-m/nofp/libm.a
LOAD /home/kaylee/.arduino15/packages/STMicroelectronics/tools/xpack-arm-none-eabi-gcc/13.2.1-1.1/bin/../lib/gcc/arm-none-eabi/13.2.1/thumb/v6-m/nofp/libgcc.a

.comment        0x00000000       0x39
 .comment       0x00000000       0x39 /home/kaylee/.arduino15/packages/STMicroelectronics/tools/xpack-arm-none-eabi-gcc/13.2.1-1.1/bin/../lib/gcc/arm-none-eabi/13.2.1/thumb/v6-m/nofp/crtbegin.o
                                 0x3a (size before relaxing)
 .comment       0x00000039       0x3a build/main.o
 .comment       0x00000039       0x3a build/sysmem.o
 .comment       0x00000039       0x3a build/syscalls.o
 .comment       0x00000039       0x3a build/handyarm.o
 .comment       0x00000039       0x3a /home/kaylee/.arduino15/packages/STMicroelectronics/tools/xpack-arm-none-eabi-gcc/13.2.1-1.1/bin/../lib/gcc/arm-none-eabi/13.2.1/../../../../arm-none-eabi/lib/thumb/v6-m/nofp/libc_nano.a(libc_a-findfp.o)
 .comment       0x00000039       0x3a /home/kaylee/.arduino15/packages/STMicroelectronics/tools/xpack-arm-none-eabi-gcc/13.2.1-1.1/bin/../lib/gcc/arm-none-eabi/13.2.1/../../../../arm-none-eabi/lib/thumb/v6-m/nofp/libc_nano.a(libc_a-fwalk.o)
 .comment       0x00000039       0x3a /home/kaylee/.arduino15/packages/STMicroelectronics/tools/xpack-arm-none-eabi-gcc/13.2.1-1.1/bin/../lib/gcc/arm-none-eabi/13.2.1/../../../../arm-none-eabi/lib/thumb/v6-m/nofp/libc_nano.a(libc_a-printf.o)
 .comment       0x00000039       0x3a /home/kaylee/.arduino15/packages/STMicroelectronics/tools/xpack-arm-none-eabi-gcc/13.2.1-1.1/bin/../lib/gcc/arm-none-eabi/13.2.1/../../../../arm-none-eabi/lib/thumb/v6-m/nofp/libc_nano.a(libc_a-puts.o)
 .comment       0x00000039       0x3a /home/kaylee/.arduino15/packages/STMicroelectronics/tools/xpack-arm-none-eabi-gcc/13.2.1-1.1/bin/../lib/gcc/arm-none-eabi/13.2.1/../../../../arm-none-eabi/lib/thumb/v6-m/nofp/libc_nano.a(libc_a-stdio.o)
 .comment       0x00000039       0x3a /home/kaylee/.arduino15/packages/STMicroelectronics/tools/xpack-arm-none-eabi-gcc/13.2.1-1.1/bin/../lib/gcc/arm-none-eabi/13.2.1/../../../../arm-none-eabi/lib/thumb/v6-m/nofp/libc_nano.a(libc_a-wbuf.o)
 .comment       0x00000039       0x3a /home/kaylee/.arduino15/packages/STMicroelectronics/tools/xpack-arm-none-eabi-gcc/13.2.1-1.1/bin/../lib/gcc/arm-none-eabi/13.2.1/../../../../arm-none-eabi/lib/thumb/v6-m/nofp/libc_nano.a(libc_a-wsetup.o)
 .comment       0x00000039       0x3a /home/kaylee/.arduino15/packages/STMicroelectronics/tools/xpack-arm-none-eabi-gcc/13.2.1-1.1/bin/../lib/gcc/arm-none-eabi/13.2.1/../../../../arm-none-eabi/lib/thumb/v6-m/nofp/libc_nano.a(libc_a-memset.o)
 .comment       0x00000039       0x3a /home/kaylee/.arduino15/packages/STMicroelectronics/tools/xpack-arm-none-eabi-gcc/13.2.1-1.1/bin/../lib/gcc/arm-none-eabi/13.2.1/../../../../arm-none-eabi/lib/thumb/v6-m/nofp/libc_nano.a(libc_a-closer.o)
 .comment       0x00000039       0x3a /home/kaylee/.arduino15/packages/STMicroelectronics/tools/xpack-arm-none-eabi-gcc/13.2.1-1.1/bin/../lib/gcc/arm-none-eabi/13.2.1/../../../../arm-none-eabi/lib/thumb/v6-m/nofp/libc_nano.a(libc_a-reent.o)
 .comment       0x00000039       0x3a /home/kaylee/.arduino15/packages/STMicroelectronics/tools/xpack-arm-none-eabi-gcc/13.2.1-1.1/bin/../lib/gcc/arm-none-eabi/13.2.1/../../../../arm-none-eabi/lib/thumb/v6-m/nofp/libc_nano.a(libc_a-impure.o)
 .comment       0x00000039       0x3a /home/kaylee/.arduino15/packages/STMicroelectronics/tools/xpack-arm-none-eabi-gcc/13.2.1-1.1/bin/../lib/gcc/arm-none-eabi/13.2.1/../../../../arm-none-eabi/lib/thumb/v6-m/nofp/libc_nano.a(libc_a-lseekr.o)
 .comment       0x00000039       0x3a /home/kaylee/.arduino15/packages/STMicroelectronics/tools/xpack-arm-none-eabi-gcc/13.2.1-1.1/bin/../lib/gcc/arm-none-eabi/13.2.1/../../../../arm-none-eabi/lib/thumb/v6-m/nofp/libc_nano.a(libc_a-readr.o)
 .comment       0x00000039       0x3a /home/kaylee/.arduino15/packages/STMicroelectronics/tools/xpack-arm-none-eabi-gcc/13.2.1-1.1/bin/../lib/gcc/arm-none-eabi/13.2.1/../../../../arm-none-eabi/lib/thumb/v6-m/nofp/libc_nano.a(libc_a-writer.o)
 .comment       0x00000039       0x3a /home/kaylee/.arduino15/packages/STMicroelectronics/tools/xpack-arm-none-eabi-gcc/13.2.1-1.1/bin/../lib/gcc/arm-none-eabi/13.2.1/../../../../arm-none-eabi/lib/thumb/v6-m/nofp/libc_nano.a(libc_a-errno.o)
 .comment       0x00000039       0x3a /home/kaylee/.arduino15/packages/STMicroelectronics/tools/xpack-arm-none-eabi-gcc/13.2.1-1.1/bin/../lib/gcc/arm-none-eabi/13.2.1/../../../../arm-none-eabi/lib/thumb/v6-m/nofp/libc_nano.a(libc_a-init.o)
 .comment       0x00000039       0x3a /home/kaylee/.arduino15/packages/STMicroelectronics/tools/xpack-arm-none-eabi-gcc/13.2.1-1.1/bin/../lib/gcc/arm-none-eabi/13.2.1/../../../../arm-none-eabi/lib/thumb/v6-m/nofp/libc_nano.a(libc_a-lock.o)
 .comment       0x00000039       0x3a /home/kaylee/.arduino15/packages/STMicroelectronics/tools/xpack-arm-none-eabi-gcc/13.2.1-1.1/bin/../lib/gcc/arm-none-eabi/13.2.1/../../../../arm-none-eabi/lib/thumb/v6-m/nofp/libc_nano.a(libc_a-freer.o)
 .comment       0x00000039       0x3a /home/kaylee/.arduino15/packages/STMicroelectronics/tools/xpack-arm-none-eabi-gcc/13.2.1-1.1/bin/../lib/gcc/arm-none-eabi/13.2.1/../../../../arm-none-eabi/lib/thumb/v6-m/nofp/libc_nano.a(libc_a-mallocr.o)
 .comment       0x00000039       0x3a /home/kaylee/.arduino15/packages/STMicroelectronics/tools/xpack-arm-none-eabi-gcc/13.2.1-1.1/bin/../lib/gcc/arm-none-eabi/13.2.1/../../../../arm-none-eabi/lib/thumb/v6-m/nofp/libc_nano.a(libc_a-mlock.o)
 .comment       0x00000039       0x3a /home/kaylee/.arduino15/packages/STMicroelectronics/tools/xpack-arm-none-eabi-gcc/13.2.1-1.1/bin/../lib/gcc/arm-none-eabi/13.2.1/../../../../arm-none-eabi/lib/thumb/v6-m/nofp/libc_nano.a(libc_a-nano-vfprintf.o)
 .comment       0x00000039       0x3a /home/kaylee/.arduino15/packages/STMicroelectronics/tools/xpack-arm-none-eabi-gcc/13.2.1-1.1/bin/../lib/gcc/arm-none-eabi/13.2.1/../../../../arm-none-eabi/lib/thumb/v6-m/nofp/libc_nano.a(libc_a-nano-vfprintf_i.o)
 .comment       0x00000039       0x3a /home/kaylee/.arduino15/packages/STMicroelectronics/tools/xpack-arm-none-eabi-gcc/13.2.1-1.1/bin/../lib/gcc/arm-none-eabi/13.2.1/../../../../arm-none-eabi/lib/thumb/v6-m/nofp/libc_nano.a(libc_a-fflush.o)
 .comment       0x00000039       0x3a /home/kaylee/.arduino15/packages/STMicroelectronics/tools/xpack-arm-none-eabi-gcc/13.2.1-1.1/bin/../lib/gcc/arm-none-eabi/13.2.1/../../../../arm-none-eabi/lib/thumb/v6-m/nofp/libc_nano.a(libc_a-makebuf.o)
 .comment       0x00000039       0x3a /home/kaylee/.arduino15/packages/STMicroelectronics/tools/xpack-arm-none-eabi-gcc/13.2.1-1.1/bin/../lib/gcc/arm-none-eabi/13.2.1/../../../../arm-none-eabi/lib/thumb/v6-m/nofp/libc_nano.a(libc_a-fstatr.o)
 .comment       0x00000039       0x3a /home/kaylee/.arduino15/packages/STMicroelectronics/tools/xpack-arm-none-eabi-gcc/13.2.1-1.1/bin/../lib/gcc/arm-none-eabi/13.2.1/../../../../arm-none-eabi/lib/thumb/v6-m/nofp/libc_nano.a(libc_a-isattyr.o)
 .comment       0x00000039       0x3a /home/kaylee/.arduino15/packages/STMicroelectronics/tools/xpack-arm-none-eabi-gcc/13.2.1-1.1/bin/../lib/gcc/arm-none-eabi/13.2.1/../../../../arm-none-eabi/lib/thumb/v6-m/nofp/libc_nano.a(libc_a-sbrkr.o)
 .comment       0x00000039       0x3a /home/kaylee/.arduino15/packages/STMicroelectronics/tools/xpack-arm-none-eabi-gcc/13.2.1-1.1/bin/../lib/gcc/arm-none-eabi/13.2.1/../../../../arm-none-eabi/lib/thumb/v6-m/nofp/libc_nano.a(libc_a-memchr-stub.o)

.debug_info     0x00000000      0xef7
 .debug_info    0x00000000      0x3ae build/main.o
 .debug_info    0x000003ae      0x194 build/sysmem.o
 .debug_info    0x00000542      0x72e build/syscalls.o
 .debug_info    0x00000c70      0x257 build/handyarm.o
 .debug_info    0x00000ec7       0x30 build/startup_stm32f107xc.o

.debug_abbrev   0x00000000      0x580
 .debug_abbrev  0x00000000      0x1a5 build/main.o
 .debug_abbrev  0x000001a5       0xeb build/sysmem.o
 .debug_abbrev  0x00000290      0x1b1 build/syscalls.o
 .debug_abbrev  0x00000441      0x122 build/handyarm.o
 .debug_abbrev  0x00000563       0x1d build/startup_stm32f107xc.o

.debug_loc      0x00000000      0x60e
 .debug_loc     0x00000000       0xdb build/main.o
 .debug_loc     0x000000db       0xbf build/sysmem.o
 .debug_loc     0x0000019a      0x3db build/syscalls.o
 .debug_loc     0x00000575       0x99 build/handyarm.o

.debug_aranges  0x00000000      0x158
 .debug_aranges
                0x00000000       0x50 build/main.o
 .debug_aranges
                0x00000050       0x20 build/sysmem.o
 .debug_aranges
                0x00000070       0x98 build/syscalls.o
 .debug_aranges
                0x00000108       0x28 build/handyarm.o
 .debug_aranges
                0x00000130       0x28 build/startup_stm32f107xc.o

.debug_ranges   0x00000000      0x128
 .debug_ranges  0x00000000       0x58 build/main.o
 .debug_ranges  0x00000058       0x10 build/sysmem.o
 .debug_ranges  0x00000068       0x88 build/syscalls.o
 .debug_ranges  0x000000f0       0x18 build/handyarm.o
 .debug_ranges  0x00000108       0x20 build/startup_stm32f107xc.o

.debug_line     0x00000000      0xb67
 .debug_line    0x00000000      0x30c build/main.o
 .debug_line    0x0000030c      0x246 build/sysmem.o
 .debug_line    0x00000552      0x3d1 build/syscalls.o
 .debug_line    0x00000923      0x1d3 build/handyarm.o
 .debug_line    0x00000af6       0x71 build/startup_stm32f107xc.o

.debug_str      0x00000000      0x550
 .debug_str     0x00000000      0x550 build/main.o
                                0x289 (size before relaxing)
 .debug_str     0x00000550      0x1eb build/sysmem.o
 .debug_str     0x00000550      0x390 build/syscalls.o
 .debug_str     0x00000550      0x22b build/handyarm.o
 .debug_str     0x00000550       0x66 build/startup_stm32f107xc.o

.debug_frame    0x00000000      0x23c
 .debug_frame   0x00000000       0x8c build/main.o
 .debug_frame   0x0000008c       0x28 build/sysmem.o
 .debug_frame   0x000000b4      0x14c build/syscalls.o
 .debug_frame   0x00000200       0x3c build/handyarm.o

Cross Reference Table

Symbol                                            File
ADC1_2_IRQHandler                                 build/startup_stm32f107xc.o
BusFault_Handler                                  build/startup_stm32f107xc.o
CAN1_RX0_IRQHandler                               build/startup_stm32f107xc.o
CAN1_RX1_IRQHandler                               build/startup_stm32f107xc.o
CAN1_SCE_IRQHandler                               build/startup_stm32f107xc.o
CAN1_TX_IRQHandler                                build/startup_stm32f107xc.o
CAN2_RX0_IRQHandler                               build/startup_stm32f107xc.o
CAN2_RX1_IRQHandler                               build/startup_stm32f107xc.o
CAN2_SCE_IRQHandler                               build/startup_stm32f107xc.o
CAN2_TX_IRQHandler                                build/startup_stm32f107xc.o
DMA1_Channel1_IRQHandler                          build/startup_stm32f107xc.o
DMA1_Channel2_IRQHandler                          build/startup_stm32f107xc.o
DMA1_Channel3_IRQHandler                          build/startup_stm32f107xc.o
DMA1_Channel4_IRQHandler                          build/startup_stm32f107xc.o
DMA1_Channel5_IRQHandler                          build/startup_stm32f107xc.o
DMA1_Channel6_IRQHandler                          build/startup_stm32f107xc.o
DMA1_Channel7_IRQHandler                          build/startup_stm32f107xc.o
DMA2_Channel1_IRQHandler                          build/startup_stm32f107xc.o
DMA2_Channel2_IRQHandler                          build/startup_stm32f107xc.o
DMA2_Channel3_IRQHandler                          build/startup_stm32f107xc.o
DMA2_Channel4_IRQHandler                          build/startup_stm32f107xc.o
DMA2_Channel5_IRQHandler                          build/startup_stm32f107xc.o
DebugMon_Handler                                  build/startup_stm32f107xc.o
Default_Handler                                   build/startup_stm32f107xc.o
ETH_IRQHandler                                    build/startup_stm32f107xc.o
ETH_WKUP_IRQHandler                               build/startup_stm32f107xc.o
EXTI0_IRQHandler                                  build/startup_stm32f107xc.o
EXTI15_10_IRQHandler                              build/startup_stm32f107xc.o
EXTI1_IRQHandler                                  build/startup_stm32f107xc.o
EXTI2_IRQHandler                                  build/startup_stm32f107xc.o
EXTI3_IRQHandler                                  build/startup_stm32f107xc.o
EXTI4_IRQHandler                                  build/startup_stm32f107xc.o
EXTI9_5_IRQHandler                                build/startup_stm32f107xc.o
FLASH_IRQHandler                                  build/startup_stm32f107xc.o
HardFault_Handler                                 build/startup_stm32f107xc.o
I2C1_ER_IRQHandler                                build/startup_stm32f107xc.o
I2C1_EV_IRQHandler                                build/startup_stm32f107xc.o
I2C2_ER_IRQHandler                                build/startup_stm32f107xc.o
I2C2_EV_IRQHandler                                build/startup_stm32f107xc.o
MemManage_Handler                                 build/startup_stm32f107xc.o
NMI_Handler                                       build/startup_stm32f107xc.o
OTG_FS_IRQHandler                                 build/startup_stm32f107xc.o
OTG_FS_WKUP_IRQHandler                            build/startup_stm32f107xc.o
PVD_IRQHandler                                    build/startup_stm32f107xc.o
PendSV_Handler                                    build/startup_stm32f107xc.o
RCC_IRQHandler                                    build/startup_stm32f107xc.o
RTC_Alarm_IRQHandler                              build/startup_stm32f107xc.o
RTC_IRQHandler                                    build/startup_stm32f107xc.o
Reset_Handler                                     build/startup_stm32f107xc.o
SPI1_IRQHandler                                   build/startup_stm32f107xc.o
SPI2_IRQHandler                                   build/startup_stm32f107xc.o
SPI3_IRQHandler                                   build/startup_stm32f107xc.o
SVC_Handler                                       build/startup_stm32f107xc.o
SysTick_Handler                                   build/startup_stm32f107xc.o
SystemInit                                        build/main.o
                                                  build/startup_stm32f107xc.o
TAMPER_IRQHandler                                 build/startup_stm32f107xc.o
TIM1_BRK_IRQHandler                               build/startup_stm32f107xc.o
TIM1_CC_IRQHandler                                build/startup_stm32f107xc.o
TIM1_TRG_COM_IRQHandler                           build/startup_stm32f107xc.o
TIM1_UP_IRQHandler                                build/startup_stm32f107xc.o
TIM2_IRQHandler                                   build/startup_stm32f107xc.o
TIM3_IRQHandler                                   build/startup_stm32f107xc.o
TIM4_IRQHandler                                   build/startup_stm32f107xc.o
TIM5_IRQHandler                                   build/startup_stm32f107xc.o
TIM6_IRQHandler                                   build/startup_stm32f107xc.o
TIM7_IRQHandler                                   build/startup_stm32f107xc.o
UART4_IRQHandler                                  build/startup_stm32f107xc.o
UART5_IRQHandler                                  build/startup_stm32f107xc.o
USART1_IRQHandler                                 build/startup_stm32f107xc.o
USART2_IRQHandler                                 build/startup_stm32f107xc.o
USART3_IRQHandler                                 build/startup_stm32f107xc.o
UsageFault_Handler                                build/startup_stm32f107xc.o
WWDG_IRQHandler                                   build/startup_stm32f107xc.o
_Min_Stack_Size                                   build/sysmem.o
__aeabi_idiv                                      /home/kaylee/.arduino15/packages/STMicroelectronics/tools/xpack-arm-none-eabi-gcc/13.2.1-1.1/bin/../lib/gcc/arm-none-eabi/13.2.1/thumb/v6-m/nofp/libgcc.a(_divsi3.o)
                                                  /home/kaylee/.arduino15/packages/STMicroelectronics/tools/xpack-arm-none-eabi-gcc/13.2.1-1.1/bin/../lib/gcc/arm-none-eabi/13.2.1/../../../../arm-none-eabi/lib/thumb/v6-m/nofp/libc_nano.a(libc_a-fvwrite.o)
__aeabi_idiv0                                     /home/kaylee/.arduino15/packages/STMicroelectronics/tools/xpack-arm-none-eabi-gcc/13.2.1-1.1/bin/../lib/gcc/arm-none-eabi/13.2.1/thumb/v6-m/nofp/libgcc.a(_dvmd_tls.o)
                                                  /home/kaylee/.arduino15/packages/STMicroelectronics/tools/xpack-arm-none-eabi-gcc/13.2.1-1.1/bin/../lib/gcc/arm-none-eabi/13.2.1/thumb/v6-m/nofp/libgcc.a(_divsi3.o)
                                                  /home/kaylee/.arduino15/packages/STMicroelectronics/tools/xpack-arm-none-eabi-gcc/13.2.1-1.1/bin/../lib/gcc/arm-none-eabi/13.2.1/thumb/v6-m/nofp/libgcc.a(_udivsi3.o)
__aeabi_idivmod                                   /home/kaylee/.arduino15/packages/STMicroelectronics/tools/xpack-arm-none-eabi-gcc/13.2.1-1.1/bin/../lib/gcc/arm-none-eabi/13.2.1/thumb/v6-m/nofp/libgcc.a(_divsi3.o)
                                                  /home/kaylee/.arduino15/packages/STMicroelectronics/tools/xpack-arm-none-eabi-gcc/13.2.1-1.1/bin/../lib/gcc/arm-none-eabi/13.2.1/../../../../arm-none-eabi/lib/thumb/v6-m/nofp/libc_nano.a(libc_a-fvwrite.o)
__aeabi_ldiv0                                     /home/kaylee/.arduino15/packages/STMicroelectronics/tools/xpack-arm-none-eabi-gcc/13.2.1-1.1/bin/../lib/gcc/arm-none-eabi/13.2.1/thumb/v6-m/nofp/libgcc.a(_dvmd_tls.o)
__aeabi_uidiv                                     /home/kaylee/.arduino15/packages/STMicroelectronics/tools/xpack-arm-none-eabi-gcc/13.2.1-1.1/bin/../lib/gcc/arm-none-eabi/13.2.1/thumb/v6-m/nofp/libgcc.a(_udivsi3.o)
__aeabi_uidivmod                                  /home/kaylee/.arduino15/packages/STMicroelectronics/tools/xpack-arm-none-eabi-gcc/13.2.1-1.1/bin/../lib/gcc/arm-none-eabi/13.2.1/thumb/v6-m/nofp/libgcc.a(_udivsi3.o)
                                                  /home/kaylee/.arduino15/packages/STMicroelectronics/tools/xpack-arm-none-eabi-gcc/13.2.1-1.1/bin/../lib/gcc/arm-none-eabi/13.2.1/../../../../arm-none-eabi/lib/thumb/v6-m/nofp/libc_nano.a(libc_a-nano-vfprintf_i.o)
__atexit                                          /home/kaylee/.arduino15/packages/STMicroelectronics/tools/xpack-arm-none-eabi-gcc/13.2.1-1.1/bin/../lib/gcc/arm-none-eabi/13.2.1/../../../../arm-none-eabi/lib/thumb/v6-m/nofp/libc_nano.a(libc_a-__call_atexit.o)
                                                  /home/kaylee/.arduino15/packages/STMicroelectronics/tools/xpack-arm-none-eabi-gcc/13.2.1-1.1/bin/../lib/gcc/arm-none-eabi/13.2.1/../../../../arm-none-eabi/lib/thumb/v6-m/nofp/libc_nano.a(libc_a-__atexit.o)
__atexit0                                         /home/kaylee/.arduino15/packages/STMicroelectronics/tools/xpack-arm-none-eabi-gcc/13.2.1-1.1/bin/../lib/gcc/arm-none-eabi/13.2.1/../../../../arm-none-eabi/lib/thumb/v6-m/nofp/libc_nano.a(libc_a-__atexit.o)
__atexit_dummy                                    /home/kaylee/.arduino15/packages/STMicroelectronics/tools/xpack-arm-none-eabi-gcc/13.2.1-1.1/bin/../lib/gcc/arm-none-eabi/13.2.1/../../../../arm-none-eabi/lib/thumb/v6-m/nofp/libc_nano.a(libc_a-__atexit.o)
__atexit_recursive_mutex                          /home/kaylee/.arduino15/packages/STMicroelectronics/tools/xpack-arm-none-eabi-gcc/13.2.1-1.1/bin/../lib/gcc/arm-none-eabi/13.2.1/../../../../arm-none-eabi/lib/thumb/v6-m/nofp/libc_nano.a(libc_a-__call_atexit.o)
                                                  /home/kaylee/.arduino15/packages/STMicroelectronics/tools/xpack-arm-none-eabi-gcc/13.2.1-1.1/bin/../lib/gcc/arm-none-eabi/13.2.1/../../../../arm-none-eabi/lib/thumb/v6-m/nofp/libc_nano.a(libc_a-__atexit.o)
__bss_end__                                       /home/kaylee/.arduino15/packages/STMicroelectronics/tools/xpack-arm-none-eabi-gcc/13.2.1-1.1/bin/../lib/gcc/arm-none-eabi/13.2.1/../../../../arm-none-eabi/lib/thumb/v6-m/nofp/crt0.o
__bss_start__                                     /home/kaylee/.arduino15/packages/STMicroelectronics/tools/xpack-arm-none-eabi-gcc/13.2.1-1.1/bin/../lib/gcc/arm-none-eabi/13.2.1/../../../../arm-none-eabi/lib/thumb/v6-m/nofp/crt0.o
__call_exitprocs                                  /home/kaylee/.arduino15/packages/STMicroelectronics/tools/xpack-arm-none-eabi-gcc/13.2.1-1.1/bin/../lib/gcc/arm-none-eabi/13.2.1/../../../../arm-none-eabi/lib/thumb/v6-m/nofp/libc_nano.a(libc_a-__call_atexit.o)
                                                  /home/kaylee/.arduino15/packages/STMicroelectronics/tools/xpack-arm-none-eabi-gcc/13.2.1-1.1/bin/../lib/gcc/arm-none-eabi/13.2.1/../../../../arm-none-eabi/lib/thumb/v6-m/nofp/libc_nano.a(libc_a-__atexit.o)
                                                  /home/kaylee/.arduino15/packages/STMicroelectronics/tools/xpack-arm-none-eabi-gcc/13.2.1-1.1/bin/../lib/gcc/arm-none-eabi/13.2.1/../../../../arm-none-eabi/lib/thumb/v6-m/nofp/libc_nano.a(libc_a-exit.o)
__deregister_frame_info                           /home/kaylee/.arduino15/packages/STMicroelectronics/tools/xpack-arm-none-eabi-gcc/13.2.1-1.1/bin/../lib/gcc/arm-none-eabi/13.2.1/thumb/v6-m/nofp/crtbegin.o
__divsi3                                          /home/kaylee/.arduino15/packages/STMicroelectronics/tools/xpack-arm-none-eabi-gcc/13.2.1-1.1/bin/../lib/gcc/arm-none-eabi/13.2.1/thumb/v6-m/nofp/libgcc.a(_divsi3.o)
__dso_handle                                      /home/kaylee/.arduino15/packages/STMicroelectronics/tools/xpack-arm-none-eabi-gcc/13.2.1-1.1/bin/../lib/gcc/arm-none-eabi/13.2.1/thumb/v6-m/nofp/crtbegin.o
__env                                             build/syscalls.o
__errno                                           /home/kaylee/.arduino15/packages/STMicroelectronics/tools/xpack-arm-none-eabi-gcc/13.2.1-1.1/bin/../lib/gcc/arm-none-eabi/13.2.1/../../../../arm-none-eabi/lib/thumb/v6-m/nofp/libc_nano.a(libc_a-errno.o)
                                                  build/syscalls.o
                                                  build/sysmem.o
__fini_array_end                                  /home/kaylee/.arduino15/packages/STMicroelectronics/tools/xpack-arm-none-eabi-gcc/13.2.1-1.1/bin/../lib/gcc/arm-none-eabi/13.2.1/../../../../arm-none-eabi/lib/thumb/v6-m/nofp/libc_nano.a(libc_a-fini.o)
__fini_array_start                                /home/kaylee/.arduino15/packages/STMicroelectronics/tools/xpack-arm-none-eabi-gcc/13.2.1-1.1/bin/../lib/gcc/arm-none-eabi/13.2.1/../../../../arm-none-eabi/lib/thumb/v6-m/nofp/libc_nano.a(libc_a-fini.o)
__fp_lock_all                                     /home/kaylee/.arduino15/packages/STMicroelectronics/tools/xpack-arm-none-eabi-gcc/13.2.1-1.1/bin/../lib/gcc/arm-none-eabi/13.2.1/../../../../arm-none-eabi/lib/thumb/v6-m/nofp/libc_nano.a(libc_a-findfp.o)
__fp_unlock_all                                   /home/kaylee/.arduino15/packages/STMicroelectronics/tools/xpack-arm-none-eabi-gcc/13.2.1-1.1/bin/../lib/gcc/arm-none-eabi/13.2.1/../../../../arm-none-eabi/lib/thumb/v6-m/nofp/libc_nano.a(libc_a-findfp.o)
__gnu_thumb1_case_shi                             /home/kaylee/.arduino15/packages/STMicroelectronics/tools/xpack-arm-none-eabi-gcc/13.2.1-1.1/bin/../lib/gcc/arm-none-eabi/13.2.1/thumb/v6-m/nofp/libgcc.a(_thumb1_case_shi.o)
                                                  /home/kaylee/.arduino15/packages/STMicroelectronics/tools/xpack-arm-none-eabi-gcc/13.2.1-1.1/bin/../lib/gcc/arm-none-eabi/13.2.1/../../../../arm-none-eabi/lib/thumb/v6-m/nofp/libc_nano.a(libc_a-nano-vfprintf_i.o)
__init_array_end                                  /home/kaylee/.arduino15/packages/STMicroelectronics/tools/xpack-arm-none-eabi-gcc/13.2.1-1.1/bin/../lib/gcc/arm-none-eabi/13.2.1/../../../../arm-none-eabi/lib/thumb/v6-m/nofp/libc_nano.a(libc_a-init.o)
__init_array_start                                /home/kaylee/.arduino15/packages/STMicroelectronics/tools/xpack-arm-none-eabi-gcc/13.2.1-1.1/bin/../lib/gcc/arm-none-eabi/13.2.1/../../../../arm-none-eabi/lib/thumb/v6-m/nofp/libc_nano.a(libc_a-init.o)
__libc_fini_array                                 /home/kaylee/.arduino15/packages/STMicroelectronics/tools/xpack-arm-none-eabi-gcc/13.2.1-1.1/bin/../lib/gcc/arm-none-eabi/13.2.1/../../../../arm-none-eabi/lib/thumb/v6-m/nofp/libc_nano.a(libc_a-fini.o)
                                                  /home/kaylee/.arduino15/packages/STMicroelectronics/tools/xpack-arm-none-eabi-gcc/13.2.1-1.1/bin/../lib/gcc/arm-none-eabi/13.2.1/../../../../arm-none-eabi/lib/thumb/v6-m/nofp/crt0.o
__libc_init_array                                 /home/kaylee/.arduino15/packages/STMicroelectronics/tools/xpack-arm-none-eabi-gcc/13.2.1-1.1/bin/../lib/gcc/arm-none-eabi/13.2.1/../../../../arm-none-eabi/lib/thumb/v6-m/nofp/libc_nano.a(libc_a-init.o)
                                                  build/startup_stm32f107xc.o
                                                  /home/kaylee/.arduino15/packages/STMicroelectronics/tools/xpack-arm-none-eabi-gcc/13.2.1-1.1/bin/../lib/gcc/arm-none-eabi/13.2.1/../../../../arm-none-eabi/lib/thumb/v6-m/nofp/crt0.o
__lock___arc4random_mutex                         /home/kaylee/.arduino15/packages/STMicroelectronics/tools/xpack-arm-none-eabi-gcc/13.2.1-1.1/bin/../lib/gcc/arm-none-eabi/13.2.1/../../../../arm-none-eabi/lib/thumb/v6-m/nofp/libc_nano.a(libc_a-lock.o)
__lock___at_quick_exit_mutex                      /home/kaylee/.arduino15/packages/STMicroelectronics/tools/xpack-arm-none-eabi-gcc/13.2.1-1.1/bin/../lib/gcc/arm-none-eabi/13.2.1/../../../../arm-none-eabi/lib/thumb/v6-m/nofp/libc_nano.a(libc_a-lock.o)
__lock___atexit_recursive_mutex                   /home/kaylee/.arduino15/packages/STMicroelectronics/tools/xpack-arm-none-eabi-gcc/13.2.1-1.1/bin/../lib/gcc/arm-none-eabi/13.2.1/../../../../arm-none-eabi/lib/thumb/v6-m/nofp/libc_nano.a(libc_a-lock.o)
                                                  /home/kaylee/.arduino15/packages/STMicroelectronics/tools/xpack-arm-none-eabi-gcc/13.2.1-1.1/bin/../lib/gcc/arm-none-eabi/13.2.1/../../../../arm-none-eabi/lib/thumb/v6-m/nofp/libc_nano.a(libc_a-__call_atexit.o)
__lock___dd_hash_mutex                            /home/kaylee/.arduino15/packages/STMicroelectronics/tools/xpack-arm-none-eabi-gcc/13.2.1-1.1/bin/../lib/gcc/arm-none-eabi/13.2.1/../../../../arm-none-eabi/lib/thumb/v6-m/nofp/libc_nano.a(libc_a-lock.o)
__lock___env_recursive_mutex                      /home/kaylee/.arduino15/packages/STMicroelectronics/tools/xpack-arm-none-eabi-gcc/13.2.1-1.1/bin/../lib/gcc/arm-none-eabi/13.2.1/../../../../arm-none-eabi/lib/thumb/v6-m/nofp/libc_nano.a(libc_a-lock.o)
__lock___malloc_recursive_mutex                   /home/kaylee/.arduino15/packages/STMicroelectronics/tools/xpack-arm-none-eabi-gcc/13.2.1-1.1/bin/../lib/gcc/arm-none-eabi/13.2.1/../../../../arm-none-eabi/lib/thumb/v6-m/nofp/libc_nano.a(libc_a-lock.o)
                                                  /home/kaylee/.arduino15/packages/STMicroelectronics/tools/xpack-arm-none-eabi-gcc/13.2.1-1.1/bin/../lib/gcc/arm-none-eabi/13.2.1/../../../../arm-none-eabi/lib/thumb/v6-m/nofp/libc_nano.a(libc_a-mlock.o)
__lock___sfp_recursive_mutex                      /home/kaylee/.arduino15/packages/STMicroelectronics/tools/xpack-arm-none-eabi-gcc/13.2.1-1.1/bin/../lib/gcc/arm-none-eabi/13.2.1/../../../../arm-none-eabi/lib/thumb/v6-m/nofp/libc_nano.a(libc_a-lock.o)
                                                  /home/kaylee/.arduino15/packages/STMicroelectronics/tools/xpack-arm-none-eabi-gcc/13.2.1-1.1/bin/../lib/gcc/arm-none-eabi/13.2.1/../../../../arm-none-eabi/lib/thumb/v6-m/nofp/libc_nano.a(libc_a-findfp.o)
__lock___tz_mutex                                 /home/kaylee/.arduino15/packages/STMicroelectronics/tools/xpack-arm-none-eabi-gcc/13.2.1-1.1/bin/../lib/gcc/arm-none-eabi/13.2.1/../../../../arm-none-eabi/lib/thumb/v6-m/nofp/libc_nano.a(libc_a-lock.o)
__malloc_free_list                                /home/kaylee/.arduino15/packages/STMicroelectronics/tools/xpack-arm-none-eabi-gcc/13.2.1-1.1/bin/../lib/gcc/arm-none-eabi/13.2.1/../../../../arm-none-eabi/lib/thumb/v6-m/nofp/libc_nano.a(libc_a-mallocr.o)
                                                  /home/kaylee/.arduino15/packages/STMicroelectronics/tools/xpack-arm-none-eabi-gcc/13.2.1-1.1/bin/../lib/gcc/arm-none-eabi/13.2.1/../../../../arm-none-eabi/lib/thumb/v6-m/nofp/libc_nano.a(libc_a-freer.o)
__malloc_lock                                     /home/kaylee/.arduino15/packages/STMicroelectronics/tools/xpack-arm-none-eabi-gcc/13.2.1-1.1/bin/../lib/gcc/arm-none-eabi/13.2.1/../../../../arm-none-eabi/lib/thumb/v6-m/nofp/libc_nano.a(libc_a-mlock.o)
                                                  /home/kaylee/.arduino15/packages/STMicroelectronics/tools/xpack-arm-none-eabi-gcc/13.2.1-1.1/bin/../lib/gcc/arm-none-eabi/13.2.1/../../../../arm-none-eabi/lib/thumb/v6-m/nofp/libc_nano.a(libc_a-mallocr.o)
                                                  /home/kaylee/.arduino15/packages/STMicroelectronics/tools/xpack-arm-none-eabi-gcc/13.2.1-1.1/bin/../lib/gcc/arm-none-eabi/13.2.1/../../../../arm-none-eabi/lib/thumb/v6-m/nofp/libc_nano.a(libc_a-freer.o)
__malloc_sbrk_start                               /home/kaylee/.arduino15/packages/STMicroelectronics/tools/xpack-arm-none-eabi-gcc/13.2.1-1.1/bin/../lib/gcc/arm-none-eabi/13.2.1/../../../../arm-none-eabi/lib/thumb/v6-m/nofp/libc_nano.a(libc_a-mallocr.o)
__malloc_unlock                                   /home/kaylee/.arduino15/packages/STMicroelectronics/tools/xpack-arm-none-eabi-gcc/13.2.1-1.1/bin/../lib/gcc/arm-none-eabi/13.2.1/../../../../arm-none-eabi/lib/thumb/v6-m/nofp/libc_nano.a(libc_a-mlock.o)
                                                  /home/kaylee/.arduino15/packages/STMicroelectronics/tools/xpack-arm-none-eabi-gcc/13.2.1-1.1/bin/../lib/gcc/arm-none-eabi/13.2.1/../../../../arm-none-eabi/lib/thumb/v6-m/nofp/libc_nano.a(libc_a-mallocr.o)
                                                  /home/kaylee/.arduino15/packages/STMicroelectronics/tools/xpack-arm-none-eabi-gcc/13.2.1-1.1/bin/../lib/gcc/arm-none-eabi/13.2.1/../../../../arm-none-eabi/lib/thumb/v6-m/nofp/libc_nano.a(libc_a-freer.o)
__on_exit_args                                    /home/kaylee/.arduino15/packages/STMicroelectronics/tools/xpack-arm-none-eabi-gcc/13.2.1-1.1/bin/../lib/gcc/arm-none-eabi/13.2.1/../../../../arm-none-eabi/lib/thumb/v6-m/nofp/libc_nano.a(libc_a-__atexit.o)
__preinit_array_end                               /home/kaylee/.arduino15/packages/STMicroelectronics/tools/xpack-arm-none-eabi-gcc/13.2.1-1.1/bin/../lib/gcc/arm-none-eabi/13.2.1/../../../../arm-none-eabi/lib/thumb/v6-m/nofp/libc_nano.a(libc_a-init.o)
__preinit_array_start                             /home/kaylee/.arduino15/packages/STMicroelectronics/tools/xpack-arm-none-eabi-gcc/13.2.1-1.1/bin/../lib/gcc/arm-none-eabi/13.2.1/../../../../arm-none-eabi/lib/thumb/v6-m/nofp/libc_nano.a(libc_a-init.o)
__register_exitproc                               /home/kaylee/.arduino15/packages/STMicroelectronics/tools/xpack-arm-none-eabi-gcc/13.2.1-1.1/bin/../lib/gcc/arm-none-eabi/13.2.1/../../../../arm-none-eabi/lib/thumb/v6-m/nofp/libc_nano.a(libc_a-__atexit.o)
                                                  /home/kaylee/.arduino15/packages/STMicroelectronics/tools/xpack-arm-none-eabi-gcc/13.2.1-1.1/bin/../lib/gcc/arm-none-eabi/13.2.1/../../../../arm-none-eabi/lib/thumb/v6-m/nofp/libc_nano.a(libc_a-atexit.o)
__register_frame_info                             /home/kaylee/.arduino15/packages/STMicroelectronics/tools/xpack-arm-none-eabi-gcc/13.2.1-1.1/bin/../lib/gcc/arm-none-eabi/13.2.1/thumb/v6-m/nofp/crtbegin.o
__retarget_lock_acquire                           /home/kaylee/.arduino15/packages/STMicroelectronics/tools/xpack-arm-none-eabi-gcc/13.2.1-1.1/bin/../lib/gcc/arm-none-eabi/13.2.1/../../../../arm-none-eabi/lib/thumb/v6-m/nofp/libc_nano.a(libc_a-lock.o)
__retarget_lock_acquire_recursive                 /home/kaylee/.arduino15/packages/STMicroelectronics/tools/xpack-arm-none-eabi-gcc/13.2.1-1.1/bin/../lib/gcc/arm-none-eabi/13.2.1/../../../../arm-none-eabi/lib/thumb/v6-m/nofp/libc_nano.a(libc_a-lock.o)
                                                  /home/kaylee/.arduino15/packages/STMicroelectronics/tools/xpack-arm-none-eabi-gcc/13.2.1-1.1/bin/../lib/gcc/arm-none-eabi/13.2.1/../../../../arm-none-eabi/lib/thumb/v6-m/nofp/libc_nano.a(libc_a-fflush.o)
                                                  /home/kaylee/.arduino15/packages/STMicroelectronics/tools/xpack-arm-none-eabi-gcc/13.2.1-1.1/bin/../lib/gcc/arm-none-eabi/13.2.1/../../../../arm-none-eabi/lib/thumb/v6-m/nofp/libc_nano.a(libc_a-nano-vfprintf.o)
                                                  /home/kaylee/.arduino15/packages/STMicroelectronics/tools/xpack-arm-none-eabi-gcc/13.2.1-1.1/bin/../lib/gcc/arm-none-eabi/13.2.1/../../../../arm-none-eabi/lib/thumb/v6-m/nofp/libc_nano.a(libc_a-mlock.o)
                                                  /home/kaylee/.arduino15/packages/STMicroelectronics/tools/xpack-arm-none-eabi-gcc/13.2.1-1.1/bin/../lib/gcc/arm-none-eabi/13.2.1/../../../../arm-none-eabi/lib/thumb/v6-m/nofp/libc_nano.a(libc_a-__call_atexit.o)
                                                  /home/kaylee/.arduino15/packages/STMicroelectronics/tools/xpack-arm-none-eabi-gcc/13.2.1-1.1/bin/../lib/gcc/arm-none-eabi/13.2.1/../../../../arm-none-eabi/lib/thumb/v6-m/nofp/libc_nano.a(libc_a-__atexit.o)
                                                  /home/kaylee/.arduino15/packages/STMicroelectronics/tools/xpack-arm-none-eabi-gcc/13.2.1-1.1/bin/../lib/gcc/arm-none-eabi/13.2.1/../../../../arm-none-eabi/lib/thumb/v6-m/nofp/libc_nano.a(libc_a-puts.o)
                                                  /home/kaylee/.arduino15/packages/STMicroelectronics/tools/xpack-arm-none-eabi-gcc/13.2.1-1.1/bin/../lib/gcc/arm-none-eabi/13.2.1/../../../../arm-none-eabi/lib/thumb/v6-m/nofp/libc_nano.a(libc_a-findfp.o)
__retarget_lock_close                             /home/kaylee/.arduino15/packages/STMicroelectronics/tools/xpack-arm-none-eabi-gcc/13.2.1-1.1/bin/../lib/gcc/arm-none-eabi/13.2.1/../../../../arm-none-eabi/lib/thumb/v6-m/nofp/libc_nano.a(libc_a-lock.o)
__retarget_lock_close_recursive                   /home/kaylee/.arduino15/packages/STMicroelectronics/tools/xpack-arm-none-eabi-gcc/13.2.1-1.1/bin/../lib/gcc/arm-none-eabi/13.2.1/../../../../arm-none-eabi/lib/thumb/v6-m/nofp/libc_nano.a(libc_a-lock.o)
__retarget_lock_init                              /home/kaylee/.arduino15/packages/STMicroelectronics/tools/xpack-arm-none-eabi-gcc/13.2.1-1.1/bin/../lib/gcc/arm-none-eabi/13.2.1/../../../../arm-none-eabi/lib/thumb/v6-m/nofp/libc_nano.a(libc_a-lock.o)
__retarget_lock_init_recursive                    /home/kaylee/.arduino15/packages/STMicroelectronics/tools/xpack-arm-none-eabi-gcc/13.2.1-1.1/bin/../lib/gcc/arm-none-eabi/13.2.1/../../../../arm-none-eabi/lib/thumb/v6-m/nofp/libc_nano.a(libc_a-lock.o)
                                                  /home/kaylee/.arduino15/packages/STMicroelectronics/tools/xpack-arm-none-eabi-gcc/13.2.1-1.1/bin/../lib/gcc/arm-none-eabi/13.2.1/../../../../arm-none-eabi/lib/thumb/v6-m/nofp/libc_nano.a(libc_a-findfp.o)
__retarget_lock_release                           /home/kaylee/.arduino15/packages/STMicroelectronics/tools/xpack-arm-none-eabi-gcc/13.2.1-1.1/bin/../lib/gcc/arm-none-eabi/13.2.1/../../../../arm-none-eabi/lib/thumb/v6-m/nofp/libc_nano.a(libc_a-lock.o)
__retarget_lock_release_recursive                 /home/kaylee/.arduino15/packages/STMicroelectronics/tools/xpack-arm-none-eabi-gcc/13.2.1-1.1/bin/../lib/gcc/arm-none-eabi/13.2.1/../../../../arm-none-eabi/lib/thumb/v6-m/nofp/libc_nano.a(libc_a-lock.o)
                                                  /home/kaylee/.arduino15/packages/STMicroelectronics/tools/xpack-arm-none-eabi-gcc/13.2.1-1.1/bin/../lib/gcc/arm-none-eabi/13.2.1/../../../../arm-none-eabi/lib/thumb/v6-m/nofp/libc_nano.a(libc_a-fflush.o)
                                                  /home/kaylee/.arduino15/packages/STMicroelectronics/tools/xpack-arm-none-eabi-gcc/13.2.1-1.1/bin/../lib/gcc/arm-none-eabi/13.2.1/../../../../arm-none-eabi/lib/thumb/v6-m/nofp/libc_nano.a(libc_a-nano-vfprintf.o)
                                                  /home/kaylee/.arduino15/packages/STMicroelectronics/tools/xpack-arm-none-eabi-gcc/13.2.1-1.1/bin/../lib/gcc/arm-none-eabi/13.2.1/../../../../arm-none-eabi/lib/thumb/v6-m/nofp/libc_nano.a(libc_a-mlock.o)
                                                  /home/kaylee/.arduino15/packages/STMicroelectronics/tools/xpack-arm-none-eabi-gcc/13.2.1-1.1/bin/../lib/gcc/arm-none-eabi/13.2.1/../../../../arm-none-eabi/lib/thumb/v6-m/nofp/libc_nano.a(libc_a-__call_atexit.o)
                                                  /home/kaylee/.arduino15/packages/STMicroelectronics/tools/xpack-arm-none-eabi-gcc/13.2.1-1.1/bin/../lib/gcc/arm-none-eabi/13.2.1/../../../../arm-none-eabi/lib/thumb/v6-m/nofp/libc_nano.a(libc_a-__atexit.o)
                                                  /home/kaylee/.arduino15/packages/STMicroelectronics/tools/xpack-arm-none-eabi-gcc/13.2.1-1.1/bin/../lib/gcc/arm-none-eabi/13.2.1/../../../../arm-none-eabi/lib/thumb/v6-m/nofp/libc_nano.a(libc_a-puts.o)
                                                  /home/kaylee/.arduino15/packages/STMicroelectronics/tools/xpack-arm-none-eabi-gcc/13.2.1-1.1/bin/../lib/gcc/arm-none-eabi/13.2.1/../../../../arm-none-eabi/lib/thumb/v6-m/nofp/libc_nano.a(libc_a-findfp.o)
__retarget_lock_try_acquire                       /home/kaylee/.arduino15/packages/STMicroelectronics/tools/xpack-arm-none-eabi-gcc/13.2.1-1.1/bin/../lib/gcc/arm-none-eabi/13.2.1/../../../../arm-none-eabi/lib/thumb/v6-m/nofp/libc_nano.a(libc_a-lock.o)
__retarget_lock_try_acquire_recursive             /home/kaylee/.arduino15/packages/STMicroelectronics/tools/xpack-arm-none-eabi-gcc/13.2.1-1.1/bin/../lib/gcc/arm-none-eabi/13.2.1/../../../../arm-none-eabi/lib/thumb/v6-m/nofp/libc_nano.a(libc_a-lock.o)
__sclose                                          /home/kaylee/.arduino15/packages/STMicroelectronics/tools/xpack-arm-none-eabi-gcc/13.2.1-1.1/bin/../lib/gcc/arm-none-eabi/13.2.1/../../../../arm-none-eabi/lib/thumb/v6-m/nofp/libc_nano.a(libc_a-stdio.o)
                                                  /home/kaylee/.arduino15/packages/STMicroelectronics/tools/xpack-arm-none-eabi-gcc/13.2.1-1.1/bin/../lib/gcc/arm-none-eabi/13.2.1/../../../../arm-none-eabi/lib/thumb/v6-m/nofp/libc_nano.a(libc_a-findfp.o)
__seofread                                        /home/kaylee/.arduino15/packages/STMicroelectronics/tools/xpack-arm-none-eabi-gcc/13.2.1-1.1/bin/../lib/gcc/arm-none-eabi/13.2.1/../../../../arm-none-eabi/lib/thumb/v6-m/nofp/libc_nano.a(libc_a-stdio.o)
__sf                                              /home/kaylee/.arduino15/packages/STMicroelectronics/tools/xpack-arm-none-eabi-gcc/13.2.1-1.1/bin/../lib/gcc/arm-none-eabi/13.2.1/../../../../arm-none-eabi/lib/thumb/v6-m/nofp/libc_nano.a(libc_a-findfp.o)
                                                  /home/kaylee/.arduino15/packages/STMicroelectronics/tools/xpack-arm-none-eabi-gcc/13.2.1-1.1/bin/../lib/gcc/arm-none-eabi/13.2.1/../../../../arm-none-eabi/lib/thumb/v6-m/nofp/libc_nano.a(libc_a-impure.o)
__sflush_r                                        /home/kaylee/.arduino15/packages/STMicroelectronics/tools/xpack-arm-none-eabi-gcc/13.2.1-1.1/bin/../lib/gcc/arm-none-eabi/13.2.1/../../../../arm-none-eabi/lib/thumb/v6-m/nofp/libc_nano.a(libc_a-fflush.o)
__sfp                                             /home/kaylee/.arduino15/packages/STMicroelectronics/tools/xpack-arm-none-eabi-gcc/13.2.1-1.1/bin/../lib/gcc/arm-none-eabi/13.2.1/../../../../arm-none-eabi/lib/thumb/v6-m/nofp/libc_nano.a(libc_a-findfp.o)
__sfp_lock_acquire                                /home/kaylee/.arduino15/packages/STMicroelectronics/tools/xpack-arm-none-eabi-gcc/13.2.1-1.1/bin/../lib/gcc/arm-none-eabi/13.2.1/../../../../arm-none-eabi/lib/thumb/v6-m/nofp/libc_nano.a(libc_a-findfp.o)
__sfp_lock_release                                /home/kaylee/.arduino15/packages/STMicroelectronics/tools/xpack-arm-none-eabi-gcc/13.2.1-1.1/bin/../lib/gcc/arm-none-eabi/13.2.1/../../../../arm-none-eabi/lib/thumb/v6-m/nofp/libc_nano.a(libc_a-findfp.o)
__sfputs_r                                        /home/kaylee/.arduino15/packages/STMicroelectronics/tools/xpack-arm-none-eabi-gcc/13.2.1-1.1/bin/../lib/gcc/arm-none-eabi/13.2.1/../../../../arm-none-eabi/lib/thumb/v6-m/nofp/libc_nano.a(libc_a-nano-vfprintf.o)
__sfvwrite_r                                      /home/kaylee/.arduino15/packages/STMicroelectronics/tools/xpack-arm-none-eabi-gcc/13.2.1-1.1/bin/../lib/gcc/arm-none-eabi/13.2.1/../../../../arm-none-eabi/lib/thumb/v6-m/nofp/libc_nano.a(libc_a-fvwrite.o)
                                                  /home/kaylee/.arduino15/packages/STMicroelectronics/tools/xpack-arm-none-eabi-gcc/13.2.1-1.1/bin/../lib/gcc/arm-none-eabi/13.2.1/../../../../arm-none-eabi/lib/thumb/v6-m/nofp/libc_nano.a(libc_a-nano-vfprintf.o)
__sglue                                           /home/kaylee/.arduino15/packages/STMicroelectronics/tools/xpack-arm-none-eabi-gcc/13.2.1-1.1/bin/../lib/gcc/arm-none-eabi/13.2.1/../../../../arm-none-eabi/lib/thumb/v6-m/nofp/libc_nano.a(libc_a-findfp.o)
                                                  /home/kaylee/.arduino15/packages/STMicroelectronics/tools/xpack-arm-none-eabi-gcc/13.2.1-1.1/bin/../lib/gcc/arm-none-eabi/13.2.1/../../../../arm-none-eabi/lib/thumb/v6-m/nofp/libc_nano.a(libc_a-fflush.o)
__sinit                                           /home/kaylee/.arduino15/packages/STMicroelectronics/tools/xpack-arm-none-eabi-gcc/13.2.1-1.1/bin/../lib/gcc/arm-none-eabi/13.2.1/../../../../arm-none-eabi/lib/thumb/v6-m/nofp/libc_nano.a(libc_a-findfp.o)
                                                  /home/kaylee/.arduino15/packages/STMicroelectronics/tools/xpack-arm-none-eabi-gcc/13.2.1-1.1/bin/../lib/gcc/arm-none-eabi/13.2.1/../../../../arm-none-eabi/lib/thumb/v6-m/nofp/libc_nano.a(libc_a-fflush.o)
                                                  /home/kaylee/.arduino15/packages/STMicroelectronics/tools/xpack-arm-none-eabi-gcc/13.2.1-1.1/bin/../lib/gcc/arm-none-eabi/13.2.1/../../../../arm-none-eabi/lib/thumb/v6-m/nofp/libc_nano.a(libc_a-nano-vfprintf.o)
                                                  /home/kaylee/.arduino15/packages/STMicroelectronics/tools/xpack-arm-none-eabi-gcc/13.2.1-1.1/bin/../lib/gcc/arm-none-eabi/13.2.1/../../../../arm-none-eabi/lib/thumb/v6-m/nofp/libc_nano.a(libc_a-wsetup.o)
                                                  /home/kaylee/.arduino15/packages/STMicroelectronics/tools/xpack-arm-none-eabi-gcc/13.2.1-1.1/bin/../lib/gcc/arm-none-eabi/13.2.1/../../../../arm-none-eabi/lib/thumb/v6-m/nofp/libc_nano.a(libc_a-wbuf.o)
                                                  /home/kaylee/.arduino15/packages/STMicroelectronics/tools/xpack-arm-none-eabi-gcc/13.2.1-1.1/bin/../lib/gcc/arm-none-eabi/13.2.1/../../../../arm-none-eabi/lib/thumb/v6-m/nofp/libc_nano.a(libc_a-puts.o)
__smakebuf_r                                      /home/kaylee/.arduino15/packages/STMicroelectronics/tools/xpack-arm-none-eabi-gcc/13.2.1-1.1/bin/../lib/gcc/arm-none-eabi/13.2.1/../../../../arm-none-eabi/lib/thumb/v6-m/nofp/libc_nano.a(libc_a-makebuf.o)
                                                  /home/kaylee/.arduino15/packages/STMicroelectronics/tools/xpack-arm-none-eabi-gcc/13.2.1-1.1/bin/../lib/gcc/arm-none-eabi/13.2.1/../../../../arm-none-eabi/lib/thumb/v6-m/nofp/libc_nano.a(libc_a-wsetup.o)
__sprint_r                                        /home/kaylee/.arduino15/packages/STMicroelectronics/tools/xpack-arm-none-eabi-gcc/13.2.1-1.1/bin/../lib/gcc/arm-none-eabi/13.2.1/../../../../arm-none-eabi/lib/thumb/v6-m/nofp/libc_nano.a(libc_a-nano-vfprintf.o)
__sread                                           /home/kaylee/.arduino15/packages/STMicroelectronics/tools/xpack-arm-none-eabi-gcc/13.2.1-1.1/bin/../lib/gcc/arm-none-eabi/13.2.1/../../../../arm-none-eabi/lib/thumb/v6-m/nofp/libc_nano.a(libc_a-stdio.o)
                                                  /home/kaylee/.arduino15/packages/STMicroelectronics/tools/xpack-arm-none-eabi-gcc/13.2.1-1.1/bin/../lib/gcc/arm-none-eabi/13.2.1/../../../../arm-none-eabi/lib/thumb/v6-m/nofp/libc_nano.a(libc_a-findfp.o)
__sseek                                           /home/kaylee/.arduino15/packages/STMicroelectronics/tools/xpack-arm-none-eabi-gcc/13.2.1-1.1/bin/../lib/gcc/arm-none-eabi/13.2.1/../../../../arm-none-eabi/lib/thumb/v6-m/nofp/libc_nano.a(libc_a-stdio.o)
                                                  /home/kaylee/.arduino15/packages/STMicroelectronics/tools/xpack-arm-none-eabi-gcc/13.2.1-1.1/bin/../lib/gcc/arm-none-eabi/13.2.1/../../../../arm-none-eabi/lib/thumb/v6-m/nofp/libc_nano.a(libc_a-findfp.o)
__stack                                           /home/kaylee/.arduino15/packages/STMicroelectronics/tools/xpack-arm-none-eabi-gcc/13.2.1-1.1/bin/../lib/gcc/arm-none-eabi/13.2.1/../../../../arm-none-eabi/lib/thumb/v6-m/nofp/crt0.o
__stdio_exit_handler                              /home/kaylee/.arduino15/packages/STMicroelectronics/tools/xpack-arm-none-eabi-gcc/13.2.1-1.1/bin/../lib/gcc/arm-none-eabi/13.2.1/../../../../arm-none-eabi/lib/thumb/v6-m/nofp/libc_nano.a(libc_a-findfp.o)
                                                  /home/kaylee/.arduino15/packages/STMicroelectronics/tools/xpack-arm-none-eabi-gcc/13.2.1-1.1/bin/../lib/gcc/arm-none-eabi/13.2.1/../../../../arm-none-eabi/lib/thumb/v6-m/nofp/libc_nano.a(libc_a-exit.o)
__swbuf                                           /home/kaylee/.arduino15/packages/STMicroelectronics/tools/xpack-arm-none-eabi-gcc/13.2.1-1.1/bin/../lib/gcc/arm-none-eabi/13.2.1/../../../../arm-none-eabi/lib/thumb/v6-m/nofp/libc_nano.a(libc_a-wbuf.o)
__swbuf_r                                         /home/kaylee/.arduino15/packages/STMicroelectronics/tools/xpack-arm-none-eabi-gcc/13.2.1-1.1/bin/../lib/gcc/arm-none-eabi/13.2.1/../../../../arm-none-eabi/lib/thumb/v6-m/nofp/libc_nano.a(libc_a-wbuf.o)
                                                  /home/kaylee/.arduino15/packages/STMicroelectronics/tools/xpack-arm-none-eabi-gcc/13.2.1-1.1/bin/../lib/gcc/arm-none-eabi/13.2.1/../../../../arm-none-eabi/lib/thumb/v6-m/nofp/libc_nano.a(libc_a-nano-vfprintf.o)
                                                  /home/kaylee/.arduino15/packages/STMicroelectronics/tools/xpack-arm-none-eabi-gcc/13.2.1-1.1/bin/../lib/gcc/arm-none-eabi/13.2.1/../../../../arm-none-eabi/lib/thumb/v6-m/nofp/libc_nano.a(libc_a-puts.o)
__swhatbuf_r                                      /home/kaylee/.arduino15/packages/STMicroelectronics/tools/xpack-arm-none-eabi-gcc/13.2.1-1.1/bin/../lib/gcc/arm-none-eabi/13.2.1/../../../../arm-none-eabi/lib/thumb/v6-m/nofp/libc_nano.a(libc_a-makebuf.o)
__swrite                                          /home/kaylee/.arduino15/packages/STMicroelectronics/tools/xpack-arm-none-eabi-gcc/13.2.1-1.1/bin/../lib/gcc/arm-none-eabi/13.2.1/../../../../arm-none-eabi/lib/thumb/v6-m/nofp/libc_nano.a(libc_a-stdio.o)
                                                  /home/kaylee/.arduino15/packages/STMicroelectronics/tools/xpack-arm-none-eabi-gcc/13.2.1-1.1/bin/../lib/gcc/arm-none-eabi/13.2.1/../../../../arm-none-eabi/lib/thumb/v6-m/nofp/libc_nano.a(libc_a-findfp.o)
__swsetup_r                                       /home/kaylee/.arduino15/packages/STMicroelectronics/tools/xpack-arm-none-eabi-gcc/13.2.1-1.1/bin/../lib/gcc/arm-none-eabi/13.2.1/../../../../arm-none-eabi/lib/thumb/v6-m/nofp/libc_nano.a(libc_a-wsetup.o)
                                                  /home/kaylee/.arduino15/packages/STMicroelectronics/tools/xpack-arm-none-eabi-gcc/13.2.1-1.1/bin/../lib/gcc/arm-none-eabi/13.2.1/../../../../arm-none-eabi/lib/thumb/v6-m/nofp/libc_nano.a(libc_a-fvwrite.o)
                                                  /home/kaylee/.arduino15/packages/STMicroelectronics/tools/xpack-arm-none-eabi-gcc/13.2.1-1.1/bin/../lib/gcc/arm-none-eabi/13.2.1/../../../../arm-none-eabi/lib/thumb/v6-m/nofp/libc_nano.a(libc_a-nano-vfprintf.o)
                                                  /home/kaylee/.arduino15/packages/STMicroelectronics/tools/xpack-arm-none-eabi-gcc/13.2.1-1.1/bin/../lib/gcc/arm-none-eabi/13.2.1/../../../../arm-none-eabi/lib/thumb/v6-m/nofp/libc_nano.a(libc_a-wbuf.o)
                                                  /home/kaylee/.arduino15/packages/STMicroelectronics/tools/xpack-arm-none-eabi-gcc/13.2.1-1.1/bin/../lib/gcc/arm-none-eabi/13.2.1/../../../../arm-none-eabi/lib/thumb/v6-m/nofp/libc_nano.a(libc_a-puts.o)
__udivsi3                                         /home/kaylee/.arduino15/packages/STMicroelectronics/tools/xpack-arm-none-eabi-gcc/13.2.1-1.1/bin/../lib/gcc/arm-none-eabi/13.2.1/thumb/v6-m/nofp/libgcc.a(_udivsi3.o)
_close                                            build/syscalls.o
                                                  /home/kaylee/.arduino15/packages/STMicroelectronics/tools/xpack-arm-none-eabi-gcc/13.2.1-1.1/bin/../lib/gcc/arm-none-eabi/13.2.1/../../../../arm-none-eabi/lib/thumb/v6-m/nofp/libc_nano.a(libc_a-closer.o)
_close_r                                          /home/kaylee/.arduino15/packages/STMicroelectronics/tools/xpack-arm-none-eabi-gcc/13.2.1-1.1/bin/../lib/gcc/arm-none-eabi/13.2.1/../../../../arm-none-eabi/lib/thumb/v6-m/nofp/libc_nano.a(libc_a-closer.o)
                                                  /home/kaylee/.arduino15/packages/STMicroelectronics/tools/xpack-arm-none-eabi-gcc/13.2.1-1.1/bin/../lib/gcc/arm-none-eabi/13.2.1/../../../../arm-none-eabi/lib/thumb/v6-m/nofp/libc_nano.a(libc_a-stdio.o)
_ebss                                             build/startup_stm32f107xc.o
_edata                                            build/startup_stm32f107xc.o
_end                                              build/sysmem.o
_estack                                           build/startup_stm32f107xc.o
                                                  build/sysmem.o
_execve                                           build/syscalls.o
_exit                                             build/syscalls.o
                                                  /home/kaylee/.arduino15/packages/STMicroelectronics/tools/xpack-arm-none-eabi-gcc/13.2.1-1.1/bin/../lib/gcc/arm-none-eabi/13.2.1/../../../../arm-none-eabi/lib/thumb/v6-m/nofp/libc_nano.a(libc_a-exit.o)
_fflush_r                                         /home/kaylee/.arduino15/packages/STMicroelectronics/tools/xpack-arm-none-eabi-gcc/13.2.1-1.1/bin/../lib/gcc/arm-none-eabi/13.2.1/../../../../arm-none-eabi/lib/thumb/v6-m/nofp/libc_nano.a(libc_a-fflush.o)